<html>
<body>
<pre>
<h1>猩ision Build Log</h1>
<h2>Tool Versions:</h2>
IDE-Version: μVision V5.33.0.0
Copyright (C) 2020 ARM Ltd and ARM Germany GmbH. All rights reserved.
License Information: cc cc, vccv, LIC=8MZI6-DUVQI-ZECH2-9YAK0-W0ZQ6-DSNQB
 
Tool Versions:
Toolchain:       MDK-ARM Professional  Version: 5.33.0.0
Toolchain Path:  C:\Keil_v5\ARM\ARMCC\Bin
C Compiler:      Armcc.exe V5.06 update 7 (build 960)
Assembler:       Armasm.exe V5.06 update 7 (build 960)
Linker/Locator:  ArmLink.exe V5.06 update 7 (build 960)
Library Manager: ArmAr.exe V5.06 update 7 (build 960)
Hex Converter:   FromElf.exe V5.06 update 7 (build 960)
CPU DLL:         SARMCM3.DLL V5.33.0.0
Dialog DLL:      DARMCM1.DLL V1.19.4.0
Target DLL:      Nu_Link.dll V3.17
Dialog DLL:      TARMCM1.DLL V1.14.3.0
 
<h2>Project:</h2>
C:\Users\Jacob\Desktop\奇力速專案\bs系列\112_PTA-B60_B35__D29C\Kilews_PTA-B60_B35.uvproj
Project File Date:  05/16/2025

<h2>Output:</h2>
*** Using Compiler 'V5.06 update 7 (build 960)', folder: 'C:\Keil_v5\ARM\ARMCC\Bin'
Rebuild target 'PTA-B60_B35'
Before Build - User command #1: del_bin_hex.bat
C:\Users\Jacob\Desktop\奇力速專案\bs系列\112_PTA-B60_B35__D29C>del /Q .\Output\*.bin 
C:\Users\Jacob\Desktop\奇力速專案\bs系列\112_PTA-B60_B35__D29C>del /Q .\Output\*.hex 
creating preprocessor file for retarget.c...
creating preprocessor file for sys.c...
assembling startup_M051Series.s...
creating preprocessor file for uart.c...
creating preprocessor file for gpio.c...
creating preprocessor file for system_M051Series.c...
creating preprocessor file for clk.c...
creating preprocessor file for pwm.c...
compiling sys.c...
creating preprocessor file for adc.c...
compiling uart.c...
compiling gpio.c...
compiling system_M051Series.c...
compiling clk.c...
compiling retarget.c...
creating preprocessor file for i2c.c...
creating preprocessor file for fmc.c...
compiling adc.c...
creating preprocessor file for wdt.c...
compiling pwm.c...
creating preprocessor file for PtsPta_ADC.c...
compiling i2c.c...
creating preprocessor file for PtsPta_FMC.c...
compiling fmc.c...
creating preprocessor file for PtsPta_Init.c...
compiling wdt.c...
creating preprocessor file for PtsPta_InputOutput.c...
creating preprocessor file for PtsPta_ISR.c...
compiling PtsPta_ADC.c...
compiling PtsPta_FMC.c...
creating preprocessor file for PtsPta_main.c...
creating preprocessor file for PtsPta_Motor.c...
compiling PtsPta_Init.c...
creating preprocessor file for PtsPta_NVRAM.c...
creating preprocessor file for PtsPta_Protection.c...
compiling PtsPta_InputOutput.c...
compiling PtsPta_main.c...
compiling PtsPta_Motor.c...
compiling PtsPta_NVRAM.c...
compiling PtsPta_Protection.c...
compiling PtsPta_ISR.c...
linking...
Program Size: Code=14596 RO-data=472 RW-data=328 ZI-data=632  
FromELF: creating hex file...
After Build - User command #1: fromelf --bin ".\Output\HP_PTA-B60_B35_M0516_svnxxx.axf" --output ".\Output\HP_PTA-B60_B35_M0516_svnxxx.bin"
After Build - User command #2: CalCheckSum.bat
C:\Users\Jacob\Desktop\奇力速專案\bs系列\112_PTA-B60_B35__D29C\Output\HP_PTA-B60_B35_M0516_svnxxx.bin
移動         1 個檔案。
C:\Users\Jacob\Desktop\奇力速專案\bs系列\112_PTA-B60_B35__D29C\Output\HP_PTA-B60_B35_M0516_svnxxx.hex
移動         1 個檔案。
C:\Users\Jacob\Desktop\奇力速專案\bs系列\112_PTA-B60_B35__D29C\HP_PTA-B60_B35_M0516_svnxxx.bin
移動         1 個檔案。
C:\Users\Jacob\Desktop\奇力速專案\bs系列\112_PTA-B60_B35__D29C\HP_PTA-B60_B35_M0516_svnxxx.hex
移動         1 個檔案。
複製了         1 個檔案。
複製了         1 個檔案。
command HP = dir/b/a *HP*.bin > test.txt
Checksum = 38BA
command= copy HP_PTA-B60_B35_M0516_svnxxx.bin HP_PTA-B60_B35_M0516_svnxxx_38BA.bin
Checksum version : 1.02
 2020@ Kilews Technology. By F/W Department . All rights reserved.
HP_PTA-B60_B35_M0516_svnxxx_38BA.bin
複製了         1 個檔案。
".\Output\HP_PTA-B60_B35_M0516_svnxxx.axf" - 0 Error(s), 0 Warning(s).
Build Time Elapsed:  00:00:02
</pre>
</body>
</html>
