Component: ARM Compiler 5.06 update 7 (build 960) Tool: armlink [4d3601]

==============================================================================

Small function inlining results

Inlined total of 0 calls.

==============================================================================

Section Cross References

    system_m051series.o(i.SystemCoreClockUpdate) refers to uidiv.o(.text) for __aeabi_uidivmod
    system_m051series.o(i.SystemCoreClockUpdate) refers to system_m051series.o(.data) for .data
    system_m051series.o(i.SystemCoreClockUpdate) refers to system_m051series.o(.constdata) for .constdata
    startup_m051series.o(RESET) refers to startup_m051series.o(STACK) for __initial_sp
    startup_m051series.o(RESET) refers to startup_m051series.o(.text) for Reset_Handler
    startup_m051series.o(RESET) refers to retarget.o(.emb_text) for HardFault_Handler
    startup_m051series.o(RESET) refers to ptspta_isr.o(i.EINT0_IRQHandler) for EINT0_IRQHandler
    startup_m051series.o(RESET) refers to ptspta_isr.o(i.GPIOP0P1_IRQHandler) for GPIOP0P1_IRQHandler
    startup_m051series.o(RESET) refers to ptspta_isr.o(i.GPIOP2P3P4_IRQHandler) for GPIOP2P3P4_IRQHandler
    startup_m051series.o(RESET) refers to ptspta_isr.o(i.TMR0_IRQHandler) for TMR0_IRQHandler
    startup_m051series.o(RESET) refers to ptspta_isr.o(i.TMR1_IRQHandler) for TMR1_IRQHandler
    startup_m051series.o(.text) refers to system_m051series.o(i.SystemInit) for SystemInit
    startup_m051series.o(.text) refers to entry.o(.ARM.Collect$$$$00000000) for __main
    retarget.o(.emb_text) refers to retarget.o(i.Hard_Fault_Handler) for Hard_Fault_Handler
    retarget.o(i.Hard_Fault_Handler) refers to printf5.o(i.__0printf$5) for __2printf
    retarget.o(i.Hard_Fault_Handler) refers to retarget.o(i.stackDump) for stackDump
    retarget.o(i.SendChar) refers to retarget.o(i.SendChar_ToUART) for SendChar_ToUART
    retarget.o(i._ttywrch) refers to retarget.o(i.SendChar_ToUART) for SendChar_ToUART
    retarget.o(i.fgetc) refers to retarget.o(i.GetChar) for GetChar
    retarget.o(i.fputc) refers to retarget.o(i.SendChar_ToUART) for SendChar_ToUART
    retarget.o(i.stackDump) refers to printf5.o(i.__0printf$5) for __2printf
    clk.o(i.CLK_DisableCKO) refers to clk.o(i.CLK_DisableModuleClock) for CLK_DisableModuleClock
    clk.o(i.CLK_EnableCKO) refers to clk.o(i.CLK_EnableModuleClock) for CLK_EnableModuleClock
    clk.o(i.CLK_EnableCKO) refers to clk.o(i.CLK_SetModuleClock) for CLK_SetModuleClock
    clk.o(i.CLK_EnablePLL) refers to clk.o(i.CLK_WaitClockReady) for CLK_WaitClockReady
    clk.o(i.CLK_EnablePLL) refers to uidiv.o(.text) for __aeabi_uidivmod
    clk.o(i.CLK_GetCPUFreq) refers to system_m051series.o(i.SystemCoreClockUpdate) for SystemCoreClockUpdate
    clk.o(i.CLK_GetCPUFreq) refers to system_m051series.o(.data) for SystemCoreClock
    clk.o(i.CLK_GetHCLKFreq) refers to system_m051series.o(i.SystemCoreClockUpdate) for SystemCoreClockUpdate
    clk.o(i.CLK_GetHCLKFreq) refers to system_m051series.o(.data) for SystemCoreClock
    clk.o(i.CLK_GetPCLKFreq) refers to system_m051series.o(i.SystemCoreClockUpdate) for SystemCoreClockUpdate
    clk.o(i.CLK_GetPCLKFreq) refers to system_m051series.o(.data) for SystemCoreClock
    clk.o(i.CLK_SetCoreClock) refers to clk.o(i.CLK_WaitClockReady) for CLK_WaitClockReady
    clk.o(i.CLK_SetCoreClock) refers to clk.o(i.CLK_EnablePLL) for CLK_EnablePLL
    clk.o(i.CLK_SetCoreClock) refers to clk.o(i.CLK_SetHCLK) for CLK_SetHCLK
    clk.o(i.CLK_SetHCLK) refers to clk.o(i.CLK_WaitClockReady) for CLK_WaitClockReady
    clk.o(i.CLK_SetHCLK) refers to system_m051series.o(i.SystemCoreClockUpdate) for SystemCoreClockUpdate
    uart.o(i.CLK_GetPLLClockFreq) refers to uidiv.o(.text) for __aeabi_uidivmod
    uart.o(i.UART_Open) refers to uart.o(i.CLK_GetPLLClockFreq) for CLK_GetPLLClockFreq
    uart.o(i.UART_Open) refers to uidiv.o(.text) for __aeabi_uidivmod
    uart.o(i.UART_Open) refers to uart.o(.constdata) for .constdata
    uart.o(i.UART_SelectIrDAMode) refers to uart.o(i.CLK_GetPLLClockFreq) for CLK_GetPLLClockFreq
    uart.o(i.UART_SelectIrDAMode) refers to uidiv.o(.text) for __aeabi_uidivmod
    uart.o(i.UART_SelectIrDAMode) refers to uart.o(.constdata) for .constdata
    uart.o(i.UART_SetLine_Config) refers to uart.o(i.CLK_GetPLLClockFreq) for CLK_GetPLLClockFreq
    uart.o(i.UART_SetLine_Config) refers to uidiv.o(.text) for __aeabi_uidivmod
    uart.o(i.UART_SetLine_Config) refers to uart.o(.constdata) for .constdata
    pwm.o(i.PWM_ConfigCaptureChannel) refers to memcpya.o(.text) for __aeabi_memcpy4
    pwm.o(i.PWM_ConfigCaptureChannel) refers to uidiv.o(.text) for __aeabi_uidivmod
    pwm.o(i.PWM_ConfigCaptureChannel) refers to system_m051series.o(i.SystemCoreClockUpdate) for SystemCoreClockUpdate
    pwm.o(i.PWM_ConfigCaptureChannel) refers to pwm.o(.constdata) for .constdata
    pwm.o(i.PWM_ConfigCaptureChannel) refers to system_m051series.o(.data) for SystemCoreClock
[...]
    Removing fmc.o(i.FMC_EnableConfigUpdate), (16 bytes).
    Removing fmc.o(i.FMC_EnableLDUpdate), (16 bytes).
    Removing fmc.o(i.FMC_GetBootSource), (20 bytes).
    Removing fmc.o(i.FMC_Open), (16 bytes).
    Removing fmc.o(i.FMC_Read), (32 bytes).
    Removing fmc.o(i.FMC_ReadConfig), (34 bytes).
    Removing fmc.o(i.FMC_ReadDataFlashBaseAddr), (12 bytes).
    Removing fmc.o(i.FMC_SetBootSource), (24 bytes).
    Removing fmc.o(i.FMC_WriteConfig), (76 bytes).
    Removing wdt.o(.rev16_text), (4 bytes).
    Removing wdt.o(.revsh_text), (4 bytes).
    Removing ptspta_adc.o(.rev16_text), (4 bytes).
    Removing ptspta_adc.o(.revsh_text), (4 bytes).
    Removing ptspta_fmc.o(.rev16_text), (4 bytes).
    Removing ptspta_fmc.o(.revsh_text), (4 bytes).
    Removing ptspta_fmc.o(.bss), (2048 bytes).
    Removing ptspta_init.o(.rev16_text), (4 bytes).
    Removing ptspta_init.o(.revsh_text), (4 bytes).
    Removing ptspta_inputoutput.o(.rev16_text), (4 bytes).
    Removing ptspta_inputoutput.o(.revsh_text), (4 bytes).
    Removing ptspta_inputoutput.o(i.LED_InterlaceFlicker), (60 bytes).
    Removing ptspta_inputoutput.o(i.vOscillation_P30), (24 bytes).
    Removing ptspta_isr.o(.rev16_text), (4 bytes).
    Removing ptspta_isr.o(.revsh_text), (4 bytes).
    Removing ptspta_isr.o(i.PowerDownFunction), (40 bytes).
    Removing ptspta_isr.o(.data), (1 bytes).
    Removing ptspta_isr.o(.data), (4 bytes).
    Removing ptspta_isr.o(.data), (1 bytes).
    Removing ptspta_isr.o(.data), (4 bytes).
    Removing ptspta_isr.o(.data), (1 bytes).
    Removing ptspta_main.o(.rev16_text), (4 bytes).
    Removing ptspta_main.o(.revsh_text), (4 bytes).
    Removing ptspta_main.o(i.InitSystem), (16 bytes).
    Removing ptspta_main.o(i.Switch_P13_To_ADC), (64 bytes).
    Removing ptspta_main.o(i.Switch_P13_To_GPIO), (108 bytes).
    Removing ptspta_main.o(.bss), (1024 bytes).
    Removing ptspta_main.o(.data), (4 bytes).
    Removing ptspta_main.o(.data), (4 bytes).
    Removing ptspta_main.o(.data), (4 bytes).
    Removing ptspta_main.o(.data), (4 bytes).
    Removing ptspta_main.o(.data), (1 bytes).
    Removing ptspta_main.o(.data), (4 bytes).
    Removing ptspta_main.o(.data), (1 bytes).
    Removing ptspta_main.o(.data), (1 bytes).
    Removing ptspta_main.o(.data), (4 bytes).
    Removing ptspta_main.o(.data), (1 bytes).
    Removing ptspta_motor.o(.rev16_text), (4 bytes).
    Removing ptspta_motor.o(.revsh_text), (4 bytes).
    Removing ptspta_nvram.o(.rev16_text), (4 bytes).
    Removing ptspta_nvram.o(.revsh_text), (4 bytes).
    Removing ptspta_nvram.o(i.CHECK_ID), (40 bytes).
    Removing ptspta_nvram.o(i.CLK_SysTickLongDelay), (64 bytes).
    Removing ptspta_nvram.o(i.CheckBatteryType), (280 bytes).
    Removing ptspta_nvram.o(i.Read_24LC02), (396 bytes).
    Removing ptspta_nvram.o(i.Write_24LC02), (320 bytes).
    Removing ptspta_protection.o(.rev16_text), (4 bytes).
    Removing ptspta_protection.o(.revsh_text), (4 bytes).
    Removing ptspta_protection.o(i.BatteryNTC_Check), (156 bytes).
    Removing pid.o(.rev16_text), (4 bytes).
    Removing pid.o(.revsh_text), (4 bytes).
    Removing pid.o(i.OverCurrent_Handler), (104 bytes).
    Removing pid.o(i.UpdateSpeed_CW), (72 bytes).
    Removing pid.o(i.delayms), (44 bytes).
    Removing pid.o(i.moving_average), (70 bytes).
    Removing pid.o(i.uvw_check_function), (88 bytes).
    Removing pid.o(.data), (1 bytes).
    Removing pid.o(.data), (1 bytes).
    Removing pid.o(.data), (4 bytes).
    Removing pid.o(.data), (4 bytes).
    Removing pid.o(.data), (4 bytes).
    Removing pid.o(.data), (4 bytes).
    Removing pid.o(.data), (1 bytes).
    Removing pid.o(.data), (1 bytes).
    Removing pid.o(.data), (4 bytes).
    Removing pid.o(.data), (4 bytes).
    Removing pid.o(.data), (4 bytes).
    Removing pid.o(.data), (4 bytes).
    Removing pid.o(.data), (1 bytes).
    Removing pid.o(.data), (4 bytes).
    Removing pid.o(.data), (4 bytes).
    Removing pid.o(.data), (1 bytes).
    Removing pid.o(.data), (4 bytes).
    Removing pid.o(.data), (4 bytes).
    Removing pid.o(.data), (4 bytes).
    Removing pid.o(.data), (2 bytes).
    Removing pid.o(.data), (2 bytes).
    Removing dadd.o(.text), (360 bytes).
    Removing dmul.o(.text), (208 bytes).
    Removing ddiv.o(.text), (240 bytes).
    Removing dfixul.o(.text), (64 bytes).
    Removing cdrcmple.o(.text), (40 bytes).
    Removing depilogue.o(.text), (190 bytes).
    Removing depilogue.o(i.__ARM_clz), (46 bytes).

211 unused section(s) (total 9421 bytes) removed from the image.

==============================================================================

Image Symbol Table

    Local Symbols

    Symbol Name                              Value     Ov Type        Size  Object(Section)

    RESET                                    0x00000000   Section      192  startup_m051series.o(RESET)
    ../clib/microlib/division.c              0x00000000   Number         0  uldiv.o ABSOLUTE
    ../clib/microlib/division.c              0x00000000   Number         0  uidiv.o ABSOLUTE
    ../clib/microlib/init/entry.s            0x00000000   Number         0  entry11a.o ABSOLUTE
    ../clib/microlib/init/entry.s            0x00000000   Number         0  entry10a.o ABSOLUTE
    ../clib/microlib/init/entry.s            0x00000000   Number         0  entry7b.o ABSOLUTE
    ../clib/microlib/init/entry.s            0x00000000   Number         0  entry10b.o ABSOLUTE
    ../clib/microlib/init/entry.s            0x00000000   Number         0  entry9b.o ABSOLUTE
    ../clib/microlib/init/entry.s            0x00000000   Number         0  entry11b.o ABSOLUTE
    ../clib/microlib/init/entry.s            0x00000000   Number         0  entry12a.o ABSOLUTE
    ../clib/microlib/init/entry.s            0x00000000   Number         0  entry12b.o ABSOLUTE
    ../clib/microlib/init/entry.s            0x00000000   Number         0  entry.o ABSOLUTE
    ../clib/microlib/init/entry.s            0x00000000   Number         0  entry2.o ABSOLUTE
    ../clib/microlib/init/entry.s            0x00000000   Number         0  entry5.o ABSOLUTE
    ../clib/microlib/init/entry.s            0x00000000   Number         0  entry7a.o ABSOLUTE
    ../clib/microlib/init/entry.s            0x00000000   Number         0  entry8a.o ABSOLUTE
    ../clib/microlib/init/entry.s            0x00000000   Number         0  entry8b.o ABSOLUTE
    ../clib/microlib/init/entry.s            0x00000000   Number         0  entry9a.o ABSOLUTE
    ../clib/microlib/longlong.c              0x00000000   Number         0  llsshr.o ABSOLUTE
    ../clib/microlib/longlong.c              0x00000000   Number         0  llushr.o ABSOLUTE
    ../clib/microlib/longlong.c              0x00000000   Number         0  llshl.o ABSOLUTE
    ../clib/microlib/printf/printf.c         0x00000000   Number         0  printf1.o ABSOLUTE
    ../clib/microlib/printf/printf.c         0x00000000   Number         0  printf0.o ABSOLUTE
    ../clib/microlib/printf/printf.c         0x00000000   Number         0  printfb.o ABSOLUTE
    ../clib/microlib/printf/printf.c         0x00000000   Number         0  printf2.o ABSOLUTE
    ../clib/microlib/printf/printf.c         0x00000000   Number         0  printf7.o ABSOLUTE
    ../clib/microlib/printf/printf.c         0x00000000   Number         0  printfa.o ABSOLUTE
    ../clib/microlib/printf/printf.c         0x00000000   Number         0  printf6.o ABSOLUTE
    ../clib/microlib/printf/printf.c         0x00000000   Number         0  printf5.o ABSOLUTE
    ../clib/microlib/printf/printf.c         0x00000000   Number         0  printf4.o ABSOLUTE
    ../clib/microlib/printf/printf.c         0x00000000   Number         0  printf3.o ABSOLUTE
    ../clib/microlib/printf/printf.c         0x00000000   Number         0  printf8.o ABSOLUTE
    ../clib/microlib/printf/stubs.s          0x00000000   Number         0  stubs.o ABSOLUTE
    ../clib/microlib/string/memcpy.c         0x00000000   Number         0  memcpyb.o ABSOLUTE
    ../clib/microlib/string/memcpy.c         0x00000000   Number         0  memcpya.o ABSOLUTE
    ../clib/microlib/stubs.s                 0x00000000   Number         0  iusefp.o ABSOLUTE
    ../fplib/microlib/fpadd.c                0x00000000   Number         0  fadd.o ABSOLUTE
    ../fplib/microlib/fpadd.c                0x00000000   Number         0  dadd.o ABSOLUTE
    ../fplib/microlib/fpdiv.c                0x00000000   Number         0  ddiv.o ABSOLUTE
    ../fplib/microlib/fpdiv.c                0x00000000   Number         0  fdiv.o ABSOLUTE
    ../fplib/microlib/fpepilogue.c           0x00000000   Number         0  depilogue.o ABSOLUTE
    ../fplib/microlib/fpepilogue.c           0x00000000   Number         0  fepilogue.o ABSOLUTE
    ../fplib/microlib/fpfix.c                0x00000000   Number         0  dfixul.o ABSOLUTE
    ../fplib/microlib/fpfix.c                0x00000000   Number         0  ffixi.o ABSOLUTE
    ../fplib/microlib/fpfix.c                0x00000000   Number         0  ffixui.o ABSOLUTE
    ../fplib/microlib/fpflt.c                0x00000000   Number         0  fflti.o ABSOLUTE
    ../fplib/microlib/fpflt.c                0x00000000   Number         0  ffltui.o ABSOLUTE
    ../fplib/microlib/fpmul.c                0x00000000   Number         0  fmul.o ABSOLUTE
    ../fplib/microlib/fpmul.c                0x00000000   Number         0  dmul.o ABSOLUTE
    CMSIS\\system_M051Series.c               0x00000000   Number         0  system_m051series.o ABSOLUTE
    CMSIS\startup_M051Series.s               0x00000000   Number         0  startup_m051series.o ABSOLUTE
    CMSIS\system_M051Series.c                0x00000000   Number         0  system_m051series.o ABSOLUTE
    Library\\adc.c                           0x00000000   Number         0  adc.o ABSOLUTE
    Library\\clk.c                           0x00000000   Number         0  clk.o ABSOLUTE
    Library\\fmc.c                           0x00000000   Number         0  fmc.o ABSOLUTE
    Library\\gpio.c                          0x00000000   Number         0  gpio.o ABSOLUTE
    Library\\i2c.c                           0x00000000   Number         0  i2c.o ABSOLUTE
    Library\\pwm.c                           0x00000000   Number         0  pwm.o ABSOLUTE
    Library\\retarget.c                      0x00000000   Number         0  retarget.o ABSOLUTE
    Library\\sys.c                           0x00000000   Number         0  sys.o ABSOLUTE
    Library\\uart.c                          0x00000000   Number         0  uart.o ABSOLUTE
    Library\\wdt.c                           0x00000000   Number         0  wdt.o ABSOLUTE
    Library\adc.c                            0x00000000   Number         0  adc.o ABSOLUTE
    Library\clk.c                            0x00000000   Number         0  clk.o ABSOLUTE
    Library\fmc.c                            0x00000000   Number         0  fmc.o ABSOLUTE
    Library\gpio.c                           0x00000000   Number         0  gpio.o ABSOLUTE
    Library\i2c.c                            0x00000000   Number         0  i2c.o ABSOLUTE
    Library\pwm.c                            0x00000000   Number         0  pwm.o ABSOLUTE
    Library\retarget.c                       0x00000000   Number         0  retarget.o ABSOLUTE
    Library\sys.c                            0x00000000   Number         0  sys.o ABSOLUTE
    Library\uart.c                           0x00000000   Number         0  uart.o ABSOLUTE
    Library\wdt.c                            0x00000000   Number         0  wdt.o ABSOLUTE
    Source\PtsPta_ADC.c                      0x00000000   Number         0  ptspta_adc.o ABSOLUTE
    Source\PtsPta_FMC.c                      0x00000000   Number         0  ptspta_fmc.o ABSOLUTE
    Source\PtsPta_ISR.c                      0x00000000   Number         0  ptspta_isr.o ABSOLUTE
    Source\PtsPta_Init.c                     0x00000000   Number         0  ptspta_init.o ABSOLUTE
    Source\PtsPta_InputOutput.c              0x00000000   Number         0  ptspta_inputoutput.o ABSOLUTE
    Source\PtsPta_Motor.c                    0x00000000   Number         0  ptspta_motor.o ABSOLUTE
    Source\PtsPta_NVRAM.c                    0x00000000   Number         0  ptspta_nvram.o ABSOLUTE
    Source\PtsPta_Protection.c               0x00000000   Number         0  ptspta_protection.o ABSOLUTE
    Source\PtsPta_main.c                     0x00000000   Number         0  ptspta_main.o ABSOLUTE
    Source\\PtsPta_ADC.c                     0x00000000   Number         0  ptspta_adc.o ABSOLUTE
    Source\\PtsPta_FMC.c                     0x00000000   Number         0  ptspta_fmc.o ABSOLUTE
    Source\\PtsPta_ISR.c                     0x00000000   Number         0  ptspta_isr.o ABSOLUTE
    Source\\PtsPta_Init.c                    0x00000000   Number         0  ptspta_init.o ABSOLUTE
    Source\\PtsPta_InputOutput.c             0x00000000   Number         0  ptspta_inputoutput.o ABSOLUTE
    Source\\PtsPta_Motor.c                   0x00000000   Number         0  ptspta_motor.o ABSOLUTE
    Source\\PtsPta_NVRAM.c                   0x00000000   Number         0  ptspta_nvram.o ABSOLUTE
    Source\\PtsPta_Protection.c              0x00000000   Number         0  ptspta_protection.o ABSOLUTE
    Source\\PtsPta_main.c                    0x00000000   Number         0  ptspta_main.o ABSOLUTE
    Source\\pid.c                            0x00000000   Number         0  pid.o ABSOLUTE
    Source\pid.c                             0x00000000   Number         0  pid.o ABSOLUTE
    cdrcmple.s                               0x00000000   Number         0  cdrcmple.o ABSOLUTE
    cfrcmple.s                               0x00000000   Number         0  cfrcmple.o ABSOLUTE
    handlers.s                               0x00000000   Number         0  handlers.o ABSOLUTE
    init.s                                   0x00000000   Number         0  init.o ABSOLUTE
    .ARM.Collect$$$$00000000                 0x000000c0   Section        0  entry.o(.ARM.Collect$$$$00000000)
    .ARM.Collect$$$$00000001                 0x000000c0   Section        4  entry2.o(.ARM.Collect$$$$00000001)
    .ARM.Collect$$$$00000004                 0x000000c4   Section        4  entry5.o(.ARM.Collect$$$$00000004)
    .ARM.Collect$$$$00000008                 0x000000c8   Section        0  entry7b.o(.ARM.Collect$$$$00000008)
    .ARM.Collect$$$$0000000A                 0x000000c8   Section        0  entry8b.o(.ARM.Collect$$$$0000000A)
    .ARM.Collect$$$$0000000B                 0x000000c8   Section        8  entry9a.o(.ARM.Collect$$$$0000000B)
    .ARM.Collect$$$$0000000E                 0x000000d0   Section        4  entry12b.o(.ARM.Collect$$$$0000000E)
    .ARM.Collect$$$$0000000F                 0x000000d4   Section        0  entry10a.o(.ARM.Collect$$$$0000000F)
    .ARM.Collect$$$$00000011                 0x000000d4   Section        0  entry11a.o(.ARM.Collect$$$$00000011)
    .ARM.Collect$$$$00002712                 0x000000d4   Section        4  entry2.o(.ARM.Collect$$$$00002712)
    __lit__00000000                          0x000000d4   Data           4  entry2.o(.ARM.Collect$$$$00002712)
    .emb_text                                0x000000d8   Section       28  retarget.o(.emb_text)
    .text                                    0x000000f4   Section       76  startup_m051series.o(.text)
    Default_Handler                          0x0000011f   Thumb Code     2  startup_m051series.o(.text)
    .text                                    0x00000140   Section        0  uidiv.o(.text)
    .text                                    0x0000016c   Section        0  memcpya.o(.text)
    .text                                    0x00000190   Section        0  fadd.o(.text)
    .text                                    0x00000242   Section        0  fmul.o(.text)
    .text                                    0x000002bc   Section        0  fdiv.o(.text)
    .text                                    0x00000338   Section        0  fflti.o(.text)
    .text                                    0x0000034e   Section        0  ffltui.o(.text)
    .text                                    0x0000035c   Section        0  ffixi.o(.text)
    .text                                    0x0000038e   Section        0  ffixui.o(.text)
    .text                                    0x000003b8   Section       20  cfrcmple.o(.text)
    .text                                    0x000003cc   Section        0  uldiv.o(.text)
    .text                                    0x0000042c   Section        0  fepilogue.o(.text)
    .text                                    0x0000042c   Section        0  iusefp.o(.text)
    .text                                    0x000004b0   Section       36  init.o(.text)
    .text                                    0x000004d4   Section        0  llshl.o(.text)
    .text                                    0x000004f4   Section        0  llushr.o(.text)
    i.ADC2Voltage                            0x00000518   Section        0  ptspta_adc.o(i.ADC2Voltage)
    i.ADC_Init                               0x0000052c   Section        0  ptspta_init.o(i.ADC_Init)
    i.ADC_Open                               0x00000564   Section        0  adc.o(i.ADC_Open)
    i.Buzzer_LED_Behaving                    0x00000588   Section        0  ptspta_inputoutput.o(i.Buzzer_LED_Behaving)
    i.CLK_EnableModuleClock                  0x00000830   Section        0  clk.o(i.CLK_EnableModuleClock)
    i.CLK_EnablePLL                          0x0000084c   Section        0  clk.o(i.CLK_EnablePLL)
    i.CLK_EnableXtalRC                       0x000009e4   Section        0  clk.o(i.CLK_EnableXtalRC)
    i.CLK_GetPLLClockFreq                    0x000009f4   Section        0  uart.o(i.CLK_GetPLLClockFreq)
    CLK_GetPLLClockFreq                      0x000009f5   Thumb Code    70  uart.o(i.CLK_GetPLLClockFreq)
    i.CLK_SetCoreClock                       0x00000a4c   Section        0  clk.o(i.CLK_SetCoreClock)
    i.CLK_SetHCLK                            0x00000ac4   Section        0  clk.o(i.CLK_SetHCLK)
    i.CLK_SetModuleClock                     0x00000b10   Section        0  clk.o(i.CLK_SetModuleClock)
    i.CLK_SysTickLongDelay                   0x00000b60   Section        0  ptspta_inputoutput.o(i.CLK_SysTickLongDelay)
    CLK_SysTickLongDelay                     0x00000b61   Thumb Code    50  ptspta_inputoutput.o(i.CLK_SysTickLongDelay)
    i.CLK_SysTickLongDelay                   0x00000ba0   Section        0  ptspta_isr.o(i.CLK_SysTickLongDelay)
    CLK_SysTickLongDelay                     0x00000ba1   Thumb Code    50  ptspta_isr.o(i.CLK_SysTickLongDelay)
    i.CLK_WaitClockReady                     0x00000be0   Section        0  clk.o(i.CLK_WaitClockReady)
    i.CheckDirection                         0x00000c0c   Section        0  ptspta_inputoutput.o(i.CheckDirection)
    i.EINT0_IRQHandler                       0x00000d1c   Section        0  ptspta_isr.o(i.EINT0_IRQHandler)
    i.EraseFlash                             0x00000e80   Section        0  ptspta_fmc.o(i.EraseFlash)
    i.Exponential_PWM_Ramp_CCW               0x00000ec4   Section        0  pid.o(i.Exponential_PWM_Ramp_CCW)
    i.GPIOP0P1_IRQHandler                    0x00000f5c   Section        0  ptspta_isr.o(i.GPIOP0P1_IRQHandler)
    i.GPIOP2P3P4_IRQHandler                  0x000013b0   Section        0  ptspta_isr.o(i.GPIOP2P3P4_IRQHandler)
    i.GPIO_EnableInt                         0x00001414   Section        0  gpio.o(i.GPIO_EnableInt)
    i.GPIO_Init                              0x00001430   Section        0  ptspta_init.o(i.GPIO_Init)
    i.GPIO_SetMode                           0x000016cc   Section        0  gpio.o(i.GPIO_SetMode)
    i.GetADCValue                            0x000016f4   Section        0  ptspta_adc.o(i.GetADCValue)
    i.Hard_Fault_Handler                     0x0000185c   Section        0  retarget.o(i.Hard_Fault_Handler)
    __tagsym$$used                           0x0000185d   Number         0  retarget.o(i.Hard_Fault_Handler)
    i.I2C_Init                               0x00001884   Section        0  ptspta_init.o(i.I2C_Init)
    i.LED_Flicker_B                          0x000018ac   Section        0  ptspta_isr.o(i.LED_Flicker_B)
    i.Motor                                  0x000019c0   Section        0  ptspta_motor.o(i.Motor)
    i.MotorStart                             0x00001acc   Section        0  ptspta_motor.o(i.MotorStart)
    i.Motor_Temperature_Check                0x00001be8   Section        0  ptspta_protection.o(i.Motor_Temperature_Check)
    i.NVIC_EnableIRQ                         0x00001ccc   Section        0  ptspta_init.o(i.NVIC_EnableIRQ)
    NVIC_EnableIRQ                           0x00001ccd   Thumb Code    14  ptspta_init.o(i.NVIC_EnableIRQ)
    i.NVIC_SetPriority                       0x00001ce0   Section        0  ptspta_main.o(i.NVIC_SetPriority)
    NVIC_SetPriority                         0x00001ce1   Thumb Code    60  ptspta_main.o(i.NVIC_SetPriority)
    i.OverCurrent_Check                      0x00001d24   Section        0  ptspta_protection.o(i.OverCurrent_Check)
    i.PCB_Temperature_Check                  0x00001df4   Section        0  ptspta_protection.o(i.PCB_Temperature_Check)
    i.PID_ParamInit_HI_CCW                   0x00001eb0   Section        0  pid.o(i.PID_ParamInit_HI_CCW)
    i.PID_ParamInit_HI_CW                    0x00001ed8   Section        0  pid.o(i.PID_ParamInit_HI_CW)
    i.PID_ParamInit_LO_CCW                   0x00001f00   Section        0  pid.o(i.PID_ParamInit_LO_CCW)
    i.PID_ParamInit_LO_CW                    0x00001f28   Section        0  pid.o(i.PID_ParamInit_LO_CW)
    i.PWM_ConfigOutputChannel                0x00001f50   Section        0  pwm.o(i.PWM_ConfigOutputChannel)
    i.PWM_EnableOutput                       0x00002090   Section        0  pwm.o(i.PWM_EnableOutput)
    i.PWM_Init                               0x00002098   Section        0  ptspta_init.o(i.PWM_Init)
    i.PWM_Start                              0x000021d4   Section        0  pwm.o(i.PWM_Start)
    i.ReadFlashData                          0x000021fc   Section        0  ptspta_fmc.o(i.ReadFlashData)
    i.SYS_Init                               0x00002230   Section        0  ptspta_main.o(i.SYS_Init)
    i.SYS_ResetModule                        0x00002258   Section        0  sys.o(i.SYS_ResetModule)
    i.SYS_UnlockReg                          0x00002274   Section        0  ptspta_fmc.o(i.SYS_UnlockReg)
    SYS_UnlockReg                            0x00002275   Thumb Code    26  ptspta_fmc.o(i.SYS_UnlockReg)
    i.SaveData2Flash                         0x00002294   Section        0  ptspta_fmc.o(i.SaveData2Flash)
    i.SendChar_ToUART                        0x000022d0   Section        0  retarget.o(i.SendChar_ToUART)
    i.SetPWMCMR                              0x000022f0   Section        0  ptspta_motor.o(i.SetPWMCMR)
    i.SpdPIDCalc_HI_CCW                      0x00002304   Section        0  pid.o(i.SpdPIDCalc_HI_CCW)
    i.SpdPIDCalc_HI_CW                       0x000023a8   Section        0  pid.o(i.SpdPIDCalc_HI_CW)
    i.SpdPIDCalc_LO_CCW                      0x0000244c   Section        0  pid.o(i.SpdPIDCalc_LO_CCW)
    i.SpdPIDCalc_LO_CW                       0x000024f0   Section        0  pid.o(i.SpdPIDCalc_LO_CW)
    i.SystemCoreClockUpdate                  0x00002594   Section        0  system_m051series.o(i.SystemCoreClockUpdate)
    i.SystemInit                             0x00002624   Section        0  system_m051series.o(i.SystemInit)
    i.TIMER_Init                             0x00002628   Section        0  ptspta_init.o(i.TIMER_Init)
    i.TMR0_IRQHandler                        0x000026a8   Section        0  ptspta_isr.o(i.TMR0_IRQHandler)
    i.TMR1_IRQHandler                        0x00002ab8   Section        0  ptspta_isr.o(i.TMR1_IRQHandler)
    i.UART0_Init                             0x000035e4   Section        0  ptspta_init.o(i.UART0_Init)
    i.UART_Open                              0x00003618   Section        0  uart.o(i.UART_Open)
    i.UpdateCurrent                          0x000036a0   Section        0  pid.o(i.UpdateCurrent)
    i.UpdateSpeed_CCW                        0x000036e8   Section        0  pid.o(i.UpdateSpeed_CCW)
    i.Variable_Init                          0x00003730   Section        0  ptspta_init.o(i.Variable_Init)
    i.WDT_Init                               0x00003804   Section        0  ptspta_init.o(i.WDT_Init)
    i.WDT_Open                               0x00003858   Section        0  wdt.o(i.WDT_Open)
    i.__0printf$5                            0x00003874   Section        0  printf5.o(i.__0printf$5)
    i.__ARM_common_switch8                   0x00003894   Section        0  ptspta_inputoutput.o(i.__ARM_common_switch8)
    i.__scatterload_copy                     0x000038ae   Section       14  handlers.o(i.__scatterload_copy)
    i.__scatterload_null                     0x000038bc   Section        2  handlers.o(i.__scatterload_null)
    i.__scatterload_zeroinit                 0x000038be   Section       14  handlers.o(i.__scatterload_zeroinit)
    i._printf_core                           0x000038cc   Section        0  printf5.o(i._printf_core)
    _printf_core                             0x000038cd   Thumb Code   680  printf5.o(i._printf_core)
    i.default_init                           0x00003ba0   Section        0  pid.o(i.default_init)
    i.detect_enter_boot_speed_CCW_HI         0x00003cd8   Section        0  pid.o(i.detect_enter_boot_speed_CCW_HI)
    i.detect_enter_boot_speed_CCW_LO         0x00003d64   Section        0  pid.o(i.detect_enter_boot_speed_CCW_LO)
    i.detect_enter_boot_speed_CW_HI          0x00003ddc   Section        0  pid.o(i.detect_enter_boot_speed_CW_HI)
    i.detect_enter_boot_speed_CW_LO          0x00003e74   Section        0  pid.o(i.detect_enter_boot_speed_CW_LO)
    i.fputc                                  0x00003f04   Section        0  retarget.o(i.fputc)
    i.main                                   0x00003f10   Section        0  ptspta_main.o(i.main)
    i.motor_algorithm_HI                     0x000041a8   Section        0  pid.o(i.motor_algorithm_HI)
    i.motor_algorithm_LO                     0x00004258   Section        0  pid.o(i.motor_algorithm_LO)
    i.parm_init                              0x00004304   Section        0  pid.o(i.parm_init)
    i.stackDump                              0x000043c8   Section        0  retarget.o(i.stackDump)
    stackDump                                0x000043c9   Thumb Code    70  retarget.o(i.stackDump)
    .constdata                               0x00004470   Section       32  system_m051series.o(.constdata)
    .constdata                               0x00004490   Section       48  uart.o(.constdata)
    .constdata                               0x000044c0   Section      168  pwm.o(.constdata)
    .data                                    0x20000000   Section       12  system_m051series.o(.data)
    .data                                    0x2000000c   Section        4  retarget.o(.data)
    .data                                    0x20000010   Section        2  ptspta_adc.o(.data)
    i_Arry                                   0x20000010   Data           1  ptspta_adc.o(.data)
    ArryFull                                 0x20000011   Data           1  ptspta_adc.o(.data)
    .data                                    0x20000014   Section       12  ptspta_inputoutput.o(.data)
    S_BeforeMode                             0x20000014   Data           1  ptspta_inputoutput.o(.data)
    S_KeepFlg                                0x20000015   Data           1  ptspta_inputoutput.o(.data)
    mu8BuzCycle                              0x20000016   Data           1  ptspta_inputoutput.o(.data)
    mu8DirBeforeStus                         0x20000017   Data           1  ptspta_inputoutput.o(.data)
    S_Count                                  0x20000018   Data           4  ptspta_inputoutput.o(.data)
    S_Count                                  0x2000001c   Data           4  ptspta_inputoutput.o(.data)
    .data                                    0x20000020   Section        1  ptspta_isr.o(.data)
    .data                                    0x20000024   Section       80  ptspta_isr.o(.data)
    btnStable                                0x20000024   Data           1  ptspta_isr.o(.data)
    btnLast                                  0x20000025   Data           1  ptspta_isr.o(.data)
    TurnOffLed                               0x20000027   Data           1  ptspta_isr.o(.data)
    S_HallSensorCount                        0x20000028   Data           1  ptspta_isr.o(.data)
    BefHallSensor                            0x20000029   Data           1  ptspta_isr.o(.data)
    U_Phase                                  0x2000002a   Data           1  ptspta_isr.o(.data)
    V_Phase                                  0x2000002b   Data           1  ptspta_isr.o(.data)
    W_Phase                                  0x2000002c   Data           1  ptspta_isr.o(.data)
    S_1s                                     0x2000002d   Data           1  ptspta_isr.o(.data)
    S_Debounce10V5_11V                       0x2000002e   Data           1  ptspta_isr.o(.data)
    S_Flg_LowBattery                         0x2000002f   Data           1  ptspta_isr.o(.data)
    S_Flg_DirIsBrakeOf10V5_11V               0x20000030   Data           1  ptspta_isr.o(.data)
    S_Flag                                   0x20000031   Data           1  ptspta_isr.o(.data)
    S_DownKey                                0x20000032   Data           1  ptspta_isr.o(.data)
    S_UPKey                                  0x20000033   Data           1  ptspta_isr.o(.data)
    mu8DoubleCount                           0x20000034   Data           1  ptspta_isr.o(.data)
    debounceCnt                              0x2000003c   Data           4  ptspta_isr.o(.data)
    Count                                    0x20000048   Data           4  ptspta_isr.o(.data)
    Times                                    0x2000004c   Data           4  ptspta_isr.o(.data)
    S_Count                                  0x20000050   Data           4  ptspta_isr.o(.data)
    S_1ms                                    0x20000054   Data           4  ptspta_isr.o(.data)
    S_Debounce10V5                           0x20000058   Data           4  ptspta_isr.o(.data)
    S_MiddleBrakeCnt                         0x2000005c   Data           4  ptspta_isr.o(.data)
    .data                                    0x20000074   Section        4  ptspta_main.o(.data)
    .data                                    0x20000078   Section       20  ptspta_main.o(.data)
    .data                                    0x2000008c   Section        4  ptspta_main.o(.data)
    .data                                    0x20000090   Section        4  ptspta_main.o(.data)
    .data                                    0x20000094   Section        8  ptspta_main.o(.data)
    .data                                    0x2000009c   Section        8  ptspta_main.o(.data)
    .data                                    0x200000a4   Section        8  ptspta_main.o(.data)
    .data                                    0x200000ac   Section        8  ptspta_main.o(.data)
    .data                                    0x200000b4   Section        8  ptspta_main.o(.data)
    .data                                    0x200000bc   Section        8  ptspta_main.o(.data)
    .data                                    0x200000c4   Section        8  ptspta_main.o(.data)
    .data                                    0x200000cc   Section        8  ptspta_main.o(.data)
    .data                                    0x200000d4   Section        8  ptspta_main.o(.data)
    .data                                    0x200000dc   Section        8  ptspta_main.o(.data)
    .data                                    0x200000e4   Section        8  ptspta_main.o(.data)
    .data                                    0x200000ec   Section        1  ptspta_main.o(.data)
    .data                                    0x200000ed   Section        1  ptspta_main.o(.data)
    .data                                    0x200000f0   Section        4  ptspta_main.o(.data)
    .data                                    0x200000f4   Section        4  ptspta_main.o(.data)
    .data                                    0x200000f8   Section        4  ptspta_main.o(.data)
    .data                                    0x200000fc   Section        1  ptspta_main.o(.data)
    .data                                    0x200000fd   Section        1  ptspta_main.o(.data)
    .data                                    0x200000fe   Section        1  ptspta_main.o(.data)
    .data                                    0x200000ff   Section        1  ptspta_main.o(.data)
    .data                                    0x20000100   Section        1  ptspta_main.o(.data)
    .data                                    0x20000101   Section        1  ptspta_main.o(.data)
    .data                                    0x20000102   Section        1  ptspta_main.o(.data)
    .data                                    0x20000103   Section        1  ptspta_main.o(.data)
    .data                                    0x20000104   Section        4  ptspta_main.o(.data)
    .data                                    0x20000108   Section        4  ptspta_main.o(.data)
    .data                                    0x2000010c   Section        4  ptspta_main.o(.data)
    .data                                    0x20000110   Section        4  ptspta_main.o(.data)
    .data                                    0x20000114   Section        4  ptspta_main.o(.data)
    .data                                    0x20000118   Section        4  ptspta_main.o(.data)
    .data                                    0x2000011c   Section        1  ptspta_main.o(.data)
    .data                                    0x20000120   Section        4  ptspta_main.o(.data)
    .data                                    0x20000124   Section        4  ptspta_main.o(.data)
    .data                                    0x20000128   Section        4  ptspta_main.o(.data)
    .data                                    0x2000012c   Section        1  ptspta_main.o(.data)
    .data                                    0x20000130   Section        4  ptspta_main.o(.data)
    .data                                    0x20000134   Section        1  ptspta_main.o(.data)
    .data                                    0x20000135   Section        1  ptspta_main.o(.data)
    .data                                    0x20000136   Section        1  ptspta_main.o(.data)
    .data                                    0x20000137   Section        1  ptspta_main.o(.data)
    .data                                    0x20000138   Section        1  ptspta_main.o(.data)
    .data                                    0x20000139   Section        1  ptspta_main.o(.data)
    .data                                    0x2000013a   Section        1  ptspta_main.o(.data)
    .data                                    0x2000013c   Section       36  ptspta_protection.o(.data)
    S_TempOver_80_Cnt                        0x2000013c   Data           4  ptspta_protection.o(.data)
    S_TempUnder_70_Cnt                       0x20000140   Data           4  ptspta_protection.o(.data)
    S_TempOver_100_Cnt                       0x20000144   Data           4  ptspta_protection.o(.data)
    S_TempUnder_90_Cnt                       0x20000148   Data           4  ptspta_protection.o(.data)
    S_OverCurrentShortCnt                    0x2000014c   Data           4  ptspta_protection.o(.data)
    S_OverCurrentOverLoadCnt                 0x20000150   Data           4  ptspta_protection.o(.data)
    S_OverCurrentProtectCnt                  0x20000154   Data           4  ptspta_protection.o(.data)
    S_BatteryNormalCnt                       0x20000158   Data           4  ptspta_protection.o(.data)
    S_BatteryErrorCnt                        0x2000015c   Data           4  ptspta_protection.o(.data)
    .data                                    0x20000160   Section     2600  pid.o(.data)
    .bss                                     0x20000b88   Section      120  ptspta_adc.o(.bss)
    S_u32VoltageTemp                         0x20000b88   Data         120  ptspta_adc.o(.bss)
    .bss                                     0x20000c00   Section      148  pid.o(.bss)
    STACK                                    0x20000c98   Section      512  startup_m051series.o(STACK)

    Global Symbols

    Symbol Name                              Value     Ov Type        Size  Object(Section)

    BuildAttributes$$THM_ISAv3M$S$PE$A:L22$X:L11$S22$IEEE1$IW$USESV6$~STKCKD$USESV7$~SHL$OTIME$ROPI$EBA8$MICROLIB$REQ8$PRES8$EABIv2 0x00000000   Number         0  anon$$obj.o ABSOLUTE
    __ARM_use_no_argv                        0x00000000   Number         0  ptspta_main.o ABSOLUTE
    __Vectors                                0x00000000   Data           4  startup_m051series.o(RESET)
    _printf_a                                0x00000000   Number         0  stubs.o ABSOLUTE
    _printf_c                                0x00000000   Number         0  stubs.o ABSOLUTE
    _printf_charcount                        0x00000000   Number         0  stubs.o ABSOLUTE
    _printf_d                                0x00000000   Number         0  stubs.o ABSOLUTE
    _printf_e                                0x00000000   Number         0  stubs.o ABSOLUTE
    _printf_f                                0x00000000   Number         0  stubs.o ABSOLUTE
    _printf_flags                            0x00000000   Number         0  stubs.o ABSOLUTE
    _printf_fp_dec                           0x00000000   Number         0  stubs.o ABSOLUTE
    _printf_fp_hex                           0x00000000   Number         0  stubs.o ABSOLUTE
    _printf_g                                0x00000000   Number         0  stubs.o ABSOLUTE
    _printf_i                                0x00000000   Number         0  stubs.o ABSOLUTE
    _printf_int_dec                          0x00000000   Number         0  stubs.o ABSOLUTE
    _printf_l                                0x00000000   Number         0  stubs.o ABSOLUTE
    _printf_lc                               0x00000000   Number         0  stubs.o ABSOLUTE
    _printf_ll                               0x00000000   Number         0  stubs.o ABSOLUTE
    _printf_lld                              0x00000000   Number         0  stubs.o ABSOLUTE
    _printf_lli                              0x00000000   Number         0  stubs.o ABSOLUTE
    _printf_llo                              0x00000000   Number         0  stubs.o ABSOLUTE
    _printf_llu                              0x00000000   Number         0  stubs.o ABSOLUTE
    _printf_llx                              0x00000000   Number         0  stubs.o ABSOLUTE
    _printf_longlong_dec                     0x00000000   Number         0  stubs.o ABSOLUTE
    _printf_longlong_hex                     0x00000000   Number         0  stubs.o ABSOLUTE
    _printf_longlong_oct                     0x00000000   Number         0  stubs.o ABSOLUTE
    _printf_ls                               0x00000000   Number         0  stubs.o ABSOLUTE
    _printf_mbtowc                           0x00000000   Number         0  stubs.o ABSOLUTE
    _printf_n                                0x00000000   Number         0  stubs.o ABSOLUTE
    _printf_o                                0x00000000   Number         0  stubs.o ABSOLUTE
    _printf_p                                0x00000000   Number         0  stubs.o ABSOLUTE
    _printf_percent                          0x00000000   Number         0  stubs.o ABSOLUTE
    _printf_pre_padding                      0x00000000   Number         0  stubs.o ABSOLUTE
    _printf_return_value                     0x00000000   Number         0  stubs.o ABSOLUTE
    _printf_s                                0x00000000   Number         0  stubs.o ABSOLUTE
    _printf_sizespec                         0x00000000   Number         0  stubs.o ABSOLUTE
    _printf_str                              0x00000000   Number         0  stubs.o ABSOLUTE
    _printf_truncate_signed                  0x00000000   Number         0  stubs.o ABSOLUTE
    _printf_truncate_unsigned                0x00000000   Number         0  stubs.o ABSOLUTE
    _printf_u                                0x00000000   Number         0  stubs.o ABSOLUTE
    _printf_wc                               0x00000000   Number         0  stubs.o ABSOLUTE
    _printf_wctomb                           0x00000000   Number         0  stubs.o ABSOLUTE
    _printf_widthprec                        0x00000000   Number         0  stubs.o ABSOLUTE
    _printf_x                                0x00000000   Number         0  stubs.o ABSOLUTE
    __arm_fini_                               - Undefined Weak Reference
    __cpp_initialize__aeabi_                  - Undefined Weak Reference
    __cxa_finalize                            - Undefined Weak Reference
    __decompress                              - Undefined Weak Reference
    _clock_init                               - Undefined Weak Reference
    _microlib_exit                            - Undefined Weak Reference
    __main                                   0x000000c1   Thumb Code     0  entry.o(.ARM.Collect$$$$00000000)
    _main_stk                                0x000000c1   Thumb Code     0  entry2.o(.ARM.Collect$$$$00000001)
    _main_scatterload                        0x000000c5   Thumb Code     0  entry5.o(.ARM.Collect$$$$00000004)
    __main_after_scatterload                 0x000000c9   Thumb Code     0  entry5.o(.ARM.Collect$$$$00000004)
    _main_clock                              0x000000c9   Thumb Code     0  entry7b.o(.ARM.Collect$$$$00000008)
    _main_cpp_init                           0x000000c9   Thumb Code     0  entry8b.o(.ARM.Collect$$$$0000000A)
    _main_init                               0x000000c9   Thumb Code     0  entry9a.o(.ARM.Collect$$$$0000000B)
    __rt_lib_shutdown_fini                   0x000000d1   Thumb Code     0  entry12b.o(.ARM.Collect$$$$0000000E)
    __rt_final_cpp                           0x000000d5   Thumb Code     0  entry10a.o(.ARM.Collect$$$$0000000F)
    __rt_final_exit                          0x000000d5   Thumb Code     0  entry11a.o(.ARM.Collect$$$$00000011)
    HardFault_Handler                        0x000000d9   Thumb Code    24  retarget.o(.emb_text)
    Reset_Handler                            0x000000f5   Thumb Code    32  startup_m051series.o(.text)
    NMI_Handler                              0x00000115   Thumb Code     2  startup_m051series.o(.text)
    SVC_Handler                              0x00000119   Thumb Code     2  startup_m051series.o(.text)
    PendSV_Handler                           0x0000011b   Thumb Code     2  startup_m051series.o(.text)
    SysTick_Handler                          0x0000011d   Thumb Code     2  startup_m051series.o(.text)
    ACMP01_IRQHandler                        0x0000011f   Thumb Code     0  startup_m051series.o(.text)
    ACMP23_IRQHandler                        0x0000011f   Thumb Code     0  startup_m051series.o(.text)
    ADC_IRQHandler                           0x0000011f   Thumb Code     0  startup_m051series.o(.text)
    BOD_IRQHandler                           0x0000011f   Thumb Code     0  startup_m051series.o(.text)
    EINT1_IRQHandler                         0x0000011f   Thumb Code     0  startup_m051series.o(.text)
    I2C0_IRQHandler                          0x0000011f   Thumb Code     0  startup_m051series.o(.text)
    I2C1_IRQHandler                          0x0000011f   Thumb Code     0  startup_m051series.o(.text)
    PWMA_IRQHandler                          0x0000011f   Thumb Code     0  startup_m051series.o(.text)
    PWMB_IRQHandler                          0x0000011f   Thumb Code     0  startup_m051series.o(.text)
    PWRWU_IRQHandler                         0x0000011f   Thumb Code     0  startup_m051series.o(.text)
    RTC_IRQHandler                           0x0000011f   Thumb Code     0  startup_m051series.o(.text)
    SPI0_IRQHandler                          0x0000011f   Thumb Code     0  startup_m051series.o(.text)
    SPI1_IRQHandler                          0x0000011f   Thumb Code     0  startup_m051series.o(.text)
    TMR2_IRQHandler                          0x0000011f   Thumb Code     0  startup_m051series.o(.text)
    TMR3_IRQHandler                          0x0000011f   Thumb Code     0  startup_m051series.o(.text)
    UART0_IRQHandler                         0x0000011f   Thumb Code     0  startup_m051series.o(.text)
    UART1_IRQHandler                         0x0000011f   Thumb Code     0  startup_m051series.o(.text)
    WDT_IRQHandler                           0x0000011f   Thumb Code     0  startup_m051series.o(.text)
    __aeabi_uidiv                            0x00000141   Thumb Code     0  uidiv.o(.text)
    __aeabi_uidivmod                         0x00000141   Thumb Code    44  uidiv.o(.text)
    __aeabi_memcpy                           0x0000016d   Thumb Code    36  memcpya.o(.text)
    __aeabi_memcpy4                          0x0000016d   Thumb Code     0  memcpya.o(.text)
    __aeabi_memcpy8                          0x0000016d   Thumb Code     0  memcpya.o(.text)
    __aeabi_fadd                             0x00000191   Thumb Code   162  fadd.o(.text)
    __aeabi_fsub                             0x00000233   Thumb Code     8  fadd.o(.text)
    __aeabi_frsub                            0x0000023b   Thumb Code     8  fadd.o(.text)
    __aeabi_fmul                             0x00000243   Thumb Code   122  fmul.o(.text)
    __aeabi_fdiv                             0x000002bd   Thumb Code   124  fdiv.o(.text)
    __aeabi_i2f                              0x00000339   Thumb Code    22  fflti.o(.text)
    __aeabi_ui2f                             0x0000034f   Thumb Code    14  ffltui.o(.text)
    __aeabi_f2iz                             0x0000035d   Thumb Code    50  ffixi.o(.text)
    __aeabi_f2uiz                            0x0000038f   Thumb Code    40  ffixui.o(.text)
    __aeabi_cfrcmple                         0x000003b9   Thumb Code    20  cfrcmple.o(.text)
    __aeabi_uldivmod                         0x000003cd   Thumb Code    96  uldiv.o(.text)
    __I$use$fp                               0x0000042d   Thumb Code     0  iusefp.o(.text)
    _float_round                             0x0000042d   Thumb Code    16  fepilogue.o(.text)
    _float_epilogue                          0x0000043d   Thumb Code   114  fepilogue.o(.text)
    __scatterload                            0x000004b1   Thumb Code    28  init.o(.text)
    __scatterload_rt2                        0x000004b1   Thumb Code     0  init.o(.text)
    __aeabi_llsl                             0x000004d5   Thumb Code    32  llshl.o(.text)
    _ll_shift_l                              0x000004d5   Thumb Code     0  llshl.o(.text)
    __aeabi_llsr                             0x000004f5   Thumb Code    34  llushr.o(.text)
    _ll_ushift_r                             0x000004f5   Thumb Code     0  llushr.o(.text)
    ADC2Voltage                              0x00000519   Thumb Code    16  ptspta_adc.o(i.ADC2Voltage)
    ADC_Init                                 0x0000052d   Thumb Code    46  ptspta_init.o(i.ADC_Init)
    ADC_Open                                 0x00000565   Thumb Code    28  adc.o(i.ADC_Open)
    Buzzer_LED_Behaving                      0x00000589   Thumb Code   558  ptspta_inputoutput.o(i.Buzzer_LED_Behaving)
    CLK_EnableModuleClock                    0x00000831   Thumb Code    24  clk.o(i.CLK_EnableModuleClock)
    CLK_EnablePLL                            0x0000084d   Thumb Code   348  clk.o(i.CLK_EnablePLL)
    CLK_EnableXtalRC                         0x000009e5   Thumb Code    10  clk.o(i.CLK_EnableXtalRC)
    CLK_SetCoreClock                         0x00000a4d   Thumb Code   112  clk.o(i.CLK_SetCoreClock)
    CLK_SetHCLK                              0x00000ac5   Thumb Code    72  clk.o(i.CLK_SetHCLK)
    CLK_SetModuleClock                       0x00000b11   Thumb Code    76  clk.o(i.CLK_SetModuleClock)
    CLK_WaitClockReady                       0x00000be1   Thumb Code    34  clk.o(i.CLK_WaitClockReady)
    CheckDirection                           0x00000c0d   Thumb Code   218  ptspta_inputoutput.o(i.CheckDirection)
    EINT0_IRQHandler                         0x00000d1d   Thumb Code   256  ptspta_isr.o(i.EINT0_IRQHandler)
    EraseFlash                               0x00000e81   Thumb Code    58  ptspta_fmc.o(i.EraseFlash)
    Exponential_PWM_Ramp_CCW                 0x00000ec5   Thumb Code   118  pid.o(i.Exponential_PWM_Ramp_CCW)
    GPIOP0P1_IRQHandler                      0x00000f5d   Thumb Code  1108  ptspta_isr.o(i.GPIOP0P1_IRQHandler)
    GPIOP2P3P4_IRQHandler                    0x000013b1   Thumb Code    46  ptspta_isr.o(i.GPIOP2P3P4_IRQHandler)
    GPIO_EnableInt                           0x00001415   Thumb Code    26  gpio.o(i.GPIO_EnableInt)
    GPIO_Init                                0x00001431   Thumb Code   608  ptspta_init.o(i.GPIO_Init)
    GPIO_SetMode                             0x000016cd   Thumb Code    40  gpio.o(i.GPIO_SetMode)
    GetADCValue                              0x000016f5   Thumb Code   314  ptspta_adc.o(i.GetADCValue)
    Hard_Fault_Handler                       0x0000185d   Thumb Code    16  retarget.o(i.Hard_Fault_Handler)
    I2C_Init                                 0x00001885   Thumb Code    30  ptspta_init.o(i.I2C_Init)
    LED_Flicker_B                            0x000018ad   Thumb Code   194  ptspta_isr.o(i.LED_Flicker_B)
    Motor                                    0x000019c1   Thumb Code   224  ptspta_motor.o(i.Motor)
    MotorStart                               0x00001acd   Thumb Code   256  ptspta_motor.o(i.MotorStart)
    Motor_Temperature_Check                  0x00001be9   Thumb Code   158  ptspta_protection.o(i.Motor_Temperature_Check)
    OverCurrent_Check                        0x00001d25   Thumb Code   168  ptspta_protection.o(i.OverCurrent_Check)
    PCB_Temperature_Check                    0x00001df5   Thumb Code   122  ptspta_protection.o(i.PCB_Temperature_Check)
    PID_ParamInit_HI_CCW                     0x00001eb1   Thumb Code    26  pid.o(i.PID_ParamInit_HI_CCW)
    PID_ParamInit_HI_CW                      0x00001ed9   Thumb Code    26  pid.o(i.PID_ParamInit_HI_CW)
    PID_ParamInit_LO_CCW                     0x00001f01   Thumb Code    24  pid.o(i.PID_ParamInit_LO_CCW)
    PID_ParamInit_LO_CW                      0x00001f29   Thumb Code    24  pid.o(i.PID_ParamInit_LO_CW)
    PWM_ConfigOutputChannel                  0x00001f51   Thumb Code   298  pwm.o(i.PWM_ConfigOutputChannel)
    PWM_EnableOutput                         0x00002091   Thumb Code     8  pwm.o(i.PWM_EnableOutput)
    PWM_Init                                 0x00002099   Thumb Code   214  ptspta_init.o(i.PWM_Init)
    PWM_Start                                0x000021d5   Thumb Code    38  pwm.o(i.PWM_Start)
    ReadFlashData                            0x000021fd   Thumb Code    44  ptspta_fmc.o(i.ReadFlashData)
    SYS_Init                                 0x00002231   Thumb Code    36  ptspta_main.o(i.SYS_Init)
    SYS_ResetModule                          0x00002259   Thumb Code    26  sys.o(i.SYS_ResetModule)
    SaveData2Flash                           0x00002295   Thumb Code    50  ptspta_fmc.o(i.SaveData2Flash)
    SendChar_ToUART                          0x000022d1   Thumb Code    26  retarget.o(i.SendChar_ToUART)
    SetPWMCMR                                0x000022f1   Thumb Code    12  ptspta_motor.o(i.SetPWMCMR)
    SpdPIDCalc_HI_CCW                        0x00002305   Thumb Code   146  pid.o(i.SpdPIDCalc_HI_CCW)
    SpdPIDCalc_HI_CW                         0x000023a9   Thumb Code   146  pid.o(i.SpdPIDCalc_HI_CW)
    SpdPIDCalc_LO_CCW                        0x0000244d   Thumb Code   146  pid.o(i.SpdPIDCalc_LO_CCW)
    SpdPIDCalc_LO_CW                         0x000024f1   Thumb Code   146  pid.o(i.SpdPIDCalc_LO_CW)
    SystemCoreClockUpdate                    0x00002595   Thumb Code   116  system_m051series.o(i.SystemCoreClockUpdate)
    SystemInit                               0x00002625   Thumb Code     2  system_m051series.o(i.SystemInit)
    TIMER_Init                               0x00002629   Thumb Code   110  ptspta_init.o(i.TIMER_Init)
    TMR0_IRQHandler                          0x000026a9   Thumb Code   862  ptspta_isr.o(i.TMR0_IRQHandler)
    TMR1_IRQHandler                          0x00002ab9   Thumb Code  2772  ptspta_isr.o(i.TMR1_IRQHandler)
    UART0_Init                               0x000035e5   Thumb Code    40  ptspta_init.o(i.UART0_Init)
    UART_Open                                0x00003619   Thumb Code   120  uart.o(i.UART_Open)
    UpdateCurrent                            0x000036a1   Thumb Code    60  pid.o(i.UpdateCurrent)
    UpdateSpeed_CCW                          0x000036e9   Thumb Code    60  pid.o(i.UpdateSpeed_CCW)
    Variable_Init                            0x00003731   Thumb Code   116  ptspta_init.o(i.Variable_Init)
    WDT_Init                                 0x00003805   Thumb Code    74  ptspta_init.o(i.WDT_Init)
    WDT_Open                                 0x00003859   Thumb Code    22  wdt.o(i.WDT_Open)
    __0printf$5                              0x00003875   Thumb Code    24  printf5.o(i.__0printf$5)
    __1printf$5                              0x00003875   Thumb Code     0  printf5.o(i.__0printf$5)
    __2printf                                0x00003875   Thumb Code     0  printf5.o(i.__0printf$5)
    __ARM_common_switch8                     0x00003895   Thumb Code    26  ptspta_inputoutput.o(i.__ARM_common_switch8)
    __scatterload_copy                       0x000038af   Thumb Code    14  handlers.o(i.__scatterload_copy)
    __scatterload_null                       0x000038bd   Thumb Code     2  handlers.o(i.__scatterload_null)
    __scatterload_zeroinit                   0x000038bf   Thumb Code    14  handlers.o(i.__scatterload_zeroinit)
    default_init                             0x00003ba1   Thumb Code   260  pid.o(i.default_init)
    detect_enter_boot_speed_CCW_HI           0x00003cd9   Thumb Code   116  pid.o(i.detect_enter_boot_speed_CCW_HI)
    detect_enter_boot_speed_CCW_LO           0x00003d65   Thumb Code   104  pid.o(i.detect_enter_boot_speed_CCW_LO)
    detect_enter_boot_speed_CW_HI            0x00003ddd   Thumb Code   126  pid.o(i.detect_enter_boot_speed_CW_HI)
    detect_enter_boot_speed_CW_LO            0x00003e75   Thumb Code   124  pid.o(i.detect_enter_boot_speed_CW_LO)
    fputc                                    0x00003f05   Thumb Code    12  retarget.o(i.fputc)
    main                                     0x00003f11   Thumb Code   406  ptspta_main.o(i.main)
    motor_algorithm_HI                       0x000041a9   Thumb Code   148  pid.o(i.motor_algorithm_HI)
    motor_algorithm_LO                       0x00004259   Thumb Code   144  pid.o(i.motor_algorithm_LO)
    parm_init                                0x00004305   Thumb Code   144  pid.o(i.parm_init)
    gau32ClkSrcTbl                           0x00004470   Data          32  system_m051series.o(.constdata)
    Region$$Table$$Base                      0x00004568   Number         0  anon$$obj.o(Region$$Table)
    Region$$Table$$Limit                     0x00004588   Number         0  anon$$obj.o(Region$$Table)
    SystemCoreClock                          0x20000000   Data           4  system_m051series.o(.data)
    CyclesPerUs                              0x20000004   Data           4  system_m051series.o(.data)
    PllClock                                 0x20000008   Data           4  system_m051series.o(.data)
    __stdout                                 0x2000000c   Data           4  retarget.o(.data)
    stall_flag                               0x20000020   Data           1  ptspta_isr.o(.data)
    S_10ms                                   0x20000026   Data           1  ptspta_isr.o(.data)
    t2                                       0x20000038   Data           4  ptspta_isr.o(.data)
    t3                                       0x20000040   Data           4  ptspta_isr.o(.data)
    t4                                       0x20000044   Data           4  ptspta_isr.o(.data)
    G_StallCnt                               0x20000060   Data           4  ptspta_isr.o(.data)
    L_TargetCount                            0x20000064   Data           4  ptspta_isr.o(.data)
    StartCMR                                 0x20000068   Data           4  ptspta_isr.o(.data)
    S_MaxADC                                 0x2000006c   Data           4  ptspta_isr.o(.data)
    S_MinADC                                 0x20000070   Data           4  ptspta_isr.o(.data)
    t                                        0x20000074   Data           4  ptspta_main.o(.data)
    g_FoolProof                              0x20000078   Data           1  ptspta_main.o(.data)
    copy_StartButton                         0x20000079   Data           1  ptspta_main.o(.data)
    gu8StartSpeed                            0x2000007a   Data           1  ptspta_main.o(.data)
    StartButton                              0x2000007c   Data           4  ptspta_main.o(.data)
    gu32FastRpmQuarter                       0x20000080   Data           4  ptspta_main.o(.data)
    gu32SlowRpmQuarter                       0x20000084   Data           4  ptspta_main.o(.data)
    G_Voltage_Battery                        0x20000088   Data           4  ptspta_main.o(.data)
    G_Count                                  0x2000008c   Data           4  ptspta_main.o(.data)
    G_ID_Status                              0x20000090   Data           4  ptspta_main.o(.data)
    TMR_MotorTempOverHeat_3S                 0x20000094   Data           8  ptspta_main.o(.data)
    TMR_PCBTempOverHeat_3S                   0x2000009c   Data           8  ptspta_main.o(.data)
    TMR_PWROff_3S                            0x200000a4   Data           8  ptspta_main.o(.data)
    TMR_PWROff_24S                           0x200000ac   Data           8  ptspta_main.o(.data)
    TMR_Stop_10S                             0x200000b4   Data           8  ptspta_main.o(.data)
    TMR_MotorRuning_1Min                     0x200000bc   Data           8  ptspta_main.o(.data)
    TMR_ID_OK                                0x200000c4   Data           8  ptspta_main.o(.data)
    TMR_CalcRPM                              0x200000cc   Data           8  ptspta_main.o(.data)
    TMR_MotorStall                           0x200000d4   Data           8  ptspta_main.o(.data)
    TMR_ReStart300ms                         0x200000dc   Data           8  ptspta_main.o(.data)
    TMR_Double_Enalbe                        0x200000e4   Data           8  ptspta_main.o(.data)
    G_StartupDirectin                        0x200000ec   Data           1  ptspta_main.o(.data)
    G_Direction                              0x200000ed   Data           1  ptspta_main.o(.data)
    G_PwmCMR                                 0x200000f0   Data           4  ptspta_main.o(.data)
    G_ScrewRPM                               0x200000f4   Data           4  ptspta_main.o(.data)
    G_MotorRPM                               0x200000f8   Data           4  ptspta_main.o(.data)
    G_MotorStatus                            0x200000fc   Data           1  ptspta_main.o(.data)
    G_PCBStatus                              0x200000fd   Data           1  ptspta_main.o(.data)
    G_BatteryStatus                          0x200000fe   Data           1  ptspta_main.o(.data)
    G_Status_Item                            0x200000ff   Data           1  ptspta_main.o(.data)
    G_BuzzerLED                              0x20000100   Data           1  ptspta_main.o(.data)
    G_ScrewLock                              0x20000101   Data           1  ptspta_main.o(.data)
    G_IsFirstBtnDwn                          0x20000102   Data           1  ptspta_main.o(.data)
    G_3STimeOut                              0x20000103   Data           1  ptspta_main.o(.data)
    G_NTC_Motor                              0x20000104   Data           4  ptspta_main.o(.data)
    G_NTC_PCB                                0x20000108   Data           4  ptspta_main.o(.data)
    G_StartInAdc                             0x2000010c   Data           4  ptspta_main.o(.data)
    G_Current                                0x20000110   Data           4  ptspta_main.o(.data)
    gu32MaxCurrent                           0x20000114   Data           4  ptspta_main.o(.data)
    gu32Current                              0x20000118   Data           4  ptspta_main.o(.data)
    gu8BrakeStop                             0x2000011c   Data           1  ptspta_main.o(.data)
    gu32MAXPWM                               0x20000120   Data           4  ptspta_main.o(.data)
    gu32MINPWM                               0x20000124   Data           4  ptspta_main.o(.data)
    gu32SlowRpmHalf                          0x20000128   Data           4  ptspta_main.o(.data)
    gu8TurboFlag                             0x2000012c   Data           1  ptspta_main.o(.data)
    G_BrakeCurrent                           0x20000130   Data           4  ptspta_main.o(.data)
    G_ClutchBrakFlow                         0x20000134   Data           1  ptspta_main.o(.data)
    G_Speed                                  0x20000135   Data           1  ptspta_main.o(.data)
    G_ReStar                                 0x20000136   Data           1  ptspta_main.o(.data)
    G_Flg_ButtonUp                           0x20000137   Data           1  ptspta_main.o(.data)
    G_Flg_ButtonDown                         0x20000138   Data           1  ptspta_main.o(.data)
    T_1ms                                    0x20000139   Data           1  ptspta_main.o(.data)
    T_1ms222                                 0x2000013a   Data           1  ptspta_main.o(.data)
    enter_boot_speed_mode                    0x20000160   Data           1  pid.o(.data)
    lock_pwm_flag                            0x20000161   Data           1  pid.o(.data)
    overcurrent_counter                      0x20000162   Data           1  pid.o(.data)
    rpm_count                                0x20000163   Data           1  pid.o(.data)
    rpm_burst_flag                           0x20000164   Data           1  pid.o(.data)
    rpm_burst_flag222                        0x20000165   Data           1  pid.o(.data)
    current_count                            0x20000166   Data           1  pid.o(.data)
    current_burst_flag                       0x20000167   Data           1  pid.o(.data)
    current_dis_flag                         0x20000168   Data           1  pid.o(.data)
    current_dis_count                        0x20000169   Data           1  pid.o(.data)
    oc_state                                 0x2000016a   Data           1  pid.o(.data)
    load_count                               0x2000016b   Data           1  pid.o(.data)
    idx                                      0x2000016c   Data           1  pid.o(.data)
    speed_idx                                0x2000016d   Data           1  pid.o(.data)
    speed_idx2                               0x2000016e   Data           1  pid.o(.data)
    stuck_count                              0x2000016f   Data           1  pid.o(.data)
    load_detected                            0x20000170   Data           1  pid.o(.data)
    enter_speed_count                        0x20000171   Data           1  pid.o(.data)
    G_ScrewRPM_zero_count                    0x20000172   Data           1  pid.o(.data)
    doonce_RPM_average                       0x20000173   Data           1  pid.o(.data)
    no_load_flag                             0x20000174   Data           1  pid.o(.data)
    Motor_Drifting_HI_CW_flag                0x20000175   Data           1  pid.o(.data)
    Motor_Drifting_LO_CW_flag                0x20000176   Data           1  pid.o(.data)
    record_No_load_PWM_MAX_LO_count          0x20000177   Data           1  pid.o(.data)
    record_No_load_PWM_MAX_HI_count          0x20000178   Data           1  pid.o(.data)
    No_load_flag                             0x20000179   Data           1  pid.o(.data)
    No_load_flag2                            0x2000017a   Data           1  pid.o(.data)
    lock_pwm_flag2                           0x2000017b   Data           1  pid.o(.data)
    c                                        0x2000017c   Data           2  pid.o(.data)
    r                                        0x2000017e   Data           2  pid.o(.data)
    prev_rpm_cw                              0x20000180   Data           2  pid.o(.data)
    prev_current_cw                          0x20000182   Data           2  pid.o(.data)
    prev_pwm_cw                              0x20000184   Data           2  pid.o(.data)
    prev_rpm_ccw                             0x20000186   Data           2  pid.o(.data)
    prev_current_ccw                         0x20000188   Data           2  pid.o(.data)
    rpm_now                                  0x2000018a   Data           2  pid.o(.data)
    rpm_prev                                 0x2000018c   Data           2  pid.o(.data)
    current_now                              0x2000018e   Data           2  pid.o(.data)
    current_prev                             0x20000190   Data           2  pid.o(.data)
    ccc                                      0x20000192   Data           2  pid.o(.data)
    delta_pwm                                0x20000194   Data           2  pid.o(.data)
    labubu                                   0x20000198   Data           4  pid.o(.data)
    k                                        0x2000019c   Data           4  pid.o(.data)
    jump_pwm                                 0x200001a0   Data           4  pid.o(.data)
    jump_pwm222                              0x200001a4   Data           4  pid.o(.data)
    bat                                      0x200001a8   Data           4  pid.o(.data)
    iError_HI_CW                             0x200001ac   Data           4  pid.o(.data)
    iError_HI_CCW                            0x200001b0   Data           4  pid.o(.data)
    iError_LO_CW                             0x200001b4   Data           4  pid.o(.data)
    iError_LO_CCW                            0x200001b8   Data           4  pid.o(.data)
    iIncpid_HI_CW                            0x200001bc   Data           4  pid.o(.data)
    iIncpid_HI_CCW                           0x200001c0   Data           4  pid.o(.data)
    iIncpid_LO_CW                            0x200001c4   Data           4  pid.o(.data)
    iIncpid_LO_CCW                           0x200001c8   Data           4  pid.o(.data)
    temppwm                                  0x200001cc   Data           4  pid.o(.data)
    temppwm222                               0x200001d0   Data           4  pid.o(.data)
    LO_Loop                                  0x200001d4   Data           4  pid.o(.data)
    Enter_HI_Loop                            0x200001d8   Data           4  pid.o(.data)
    Enter_LO_Loop                            0x200001dc   Data           4  pid.o(.data)
    HI_Loop                                  0x200001e0   Data           4  pid.o(.data)
    oc_timestamp                             0x200001e4   Data           4  pid.o(.data)
    avg_current                              0x200001e8   Data           4  pid.o(.data)
    avg_speed                                0x200001ec   Data           4  pid.o(.data)
    avg_speed2                               0x200001f0   Data           4  pid.o(.data)
    cc1                                      0x200001f4   Data           4  pid.o(.data)
    cc2                                      0x200001f8   Data           4  pid.o(.data)
    varcount                                 0x200001fc   Data           4  pid.o(.data)
    ii_average                               0x20000200   Data           4  pid.o(.data)
    RPM_average                              0x20000204   Data           4  pid.o(.data)
    CMP_average                              0x20000208   Data           4  pid.o(.data)
    RPM_sum_Flag                             0x2000020c   Data           4  pid.o(.data)
    On_the_spot_fastening_average            0x20000210   Data           4  pid.o(.data)
    On_the_spot_fastening_flag               0x20000214   Data           4  pid.o(.data)
    On_the_spot_fastening_count              0x20000218   Data           4  pid.o(.data)
    delta_pwm_avg                            0x2000021c   Data           4  pid.o(.data)
    HI_count_300ms                           0x20000220   Data           4  pid.o(.data)
    LO_count_300ms                           0x20000224   Data           4  pid.o(.data)
    Temp_var                                 0x20000228   Data        2400  pid.o(.data)
    current_buf                              0x20000c00   Data          12  pid.o(.bss)
    speed_buf                                0x20000c0c   Data          12  pid.o(.bss)
    speed_buf2                               0x20000c18   Data          12  pid.o(.bss)
    sPID_LO_CW                               0x20000c24   Data          28  pid.o(.bss)
    sPID_LO_CCW                              0x20000c40   Data          28  pid.o(.bss)
    sPID_HI_CW                               0x20000c5c   Data          28  pid.o(.bss)
    sPID_HI_CCW                              0x20000c78   Data          28  pid.o(.bss)
    __initial_sp                             0x20000e98   Data           0  startup_m051series.o(STACK)



==============================================================================

Memory Map of the image

  Image Entry point : 0x000000f5

  Load Region LR_1 (Base: 0x00000000, Size: 0x00005110, Max: 0xffffffff, ABSOLUTE)

    Execution Region ER_RO (Exec base: 0x00000000, Load base: 0x00000000, Size: 0x00004588, Max: 0xffffffff, ABSOLUTE)

    Exec Addr    Load Addr    Size         Type   Attr      Idx    E Section Name        Object

    0x00000000   0x00000000   0x000000c0   Data   RO           88    RESET               startup_m051series.o
    0x000000c0   0x000000c0   0x00000000   Code   RO         1784  * .ARM.Collect$$$$00000000  mc_p.l(entry.o)
    0x000000c0   0x000000c0   0x00000004   Code   RO         2068    .ARM.Collect$$$$00000001  mc_p.l(entry2.o)
    0x000000c4   0x000000c4   0x00000004   Code   RO         2071    .ARM.Collect$$$$00000004  mc_p.l(entry5.o)
    0x000000c8   0x000000c8   0x00000000   Code   RO         2073    .ARM.Collect$$$$00000008  mc_p.l(entry7b.o)
    0x000000c8   0x000000c8   0x00000000   Code   RO         2075    .ARM.Collect$$$$0000000A  mc_p.l(entry8b.o)
    0x000000c8   0x000000c8   0x00000008   Code   RO         2076    .ARM.Collect$$$$0000000B  mc_p.l(entry9a.o)
    0x000000d0   0x000000d0   0x00000004   Code   RO         2083    .ARM.Collect$$$$0000000E  mc_p.l(entry12b.o)
    0x000000d4   0x000000d4   0x00000000   Code   RO         2078    .ARM.Collect$$$$0000000F  mc_p.l(entry10a.o)
    0x000000d4   0x000000d4   0x00000000   Code   RO         2080    .ARM.Collect$$$$00000011  mc_p.l(entry11a.o)
    0x000000d4   0x000000d4   0x00000004   Code   RO         2069    .ARM.Collect$$$$00002712  mc_p.l(entry2.o)
    0x000000d8   0x000000d8   0x0000001c   Code   RO           95    .emb_text           retarget.o
    0x000000f4   0x000000f4   0x0000004c   Code   RO           89  * .text               startup_m051series.o
    0x00000140   0x00000140   0x0000002c   Code   RO         1785    .text               mc_p.l(uidiv.o)
    0x0000016c   0x0000016c   0x00000024   Code   RO         1787    .text               mc_p.l(memcpya.o)
    0x00000190   0x00000190   0x000000b2   Code   RO         2052    .text               mf_p.l(fadd.o)
    0x00000242   0x00000242   0x0000007a   Code   RO         2054    .text               mf_p.l(fmul.o)
    0x000002bc   0x000002bc   0x0000007c   Code   RO         2056    .text               mf_p.l(fdiv.o)
    0x00000338   0x00000338   0x00000016   Code   RO         2058    .text               mf_p.l(fflti.o)
    0x0000034e   0x0000034e   0x0000000e   Code   RO         2060    .text               mf_p.l(ffltui.o)
    0x0000035c   0x0000035c   0x00000032   Code   RO         2062    .text               mf_p.l(ffixi.o)
    0x0000038e   0x0000038e   0x00000028   Code   RO         2064    .text               mf_p.l(ffixui.o)
    0x000003b6   0x000003b6   0x00000002   PAD
    0x000003b8   0x000003b8   0x00000014   Code   RO         2066    .text               mf_p.l(cfrcmple.o)
    0x000003cc   0x000003cc   0x00000060   Code   RO         2084    .text               mc_p.l(uldiv.o)
    0x0000042c   0x0000042c   0x00000000   Code   RO         2086    .text               mc_p.l(iusefp.o)
    0x0000042c   0x0000042c   0x00000082   Code   RO         2087    .text               mf_p.l(fepilogue.o)
    0x000004ae   0x000004ae   0x00000002   PAD
    0x000004b0   0x000004b0   0x00000024   Code   RO         2099    .text               mc_p.l(init.o)
    0x000004d4   0x000004d4   0x00000020   Code   RO         2101    .text               mc_p.l(llshl.o)
    0x000004f4   0x000004f4   0x00000022   Code   RO         2103    .text               mc_p.l(llushr.o)
    0x00000516   0x00000516   0x00000002   PAD
    0x00000518   0x00000518   0x00000014   Code   RO         1029    i.ADC2Voltage       ptspta_adc.o
    0x0000052c   0x0000052c   0x00000038   Code   RO         1116    i.ADC_Init          ptspta_init.o
    0x00000564   0x00000564   0x00000024   Code   RO          742    i.ADC_Open          adc.o
    0x00000588   0x00000588   0x000002a8   Code   RO         1195    i.Buzzer_LED_Behaving  ptspta_inputoutput.o
    0x00000830   0x00000830   0x0000001c   Code   RO          244    i.CLK_EnableModuleClock  clk.o
    0x0000084c   0x0000084c   0x00000198   Code   RO          245    i.CLK_EnablePLL     clk.o
    0x000009e4   0x000009e4   0x00000010   Code   RO          247    i.CLK_EnableXtalRC  clk.o
    0x000009f4   0x000009f4   0x00000058   Code   RO          450    i.CLK_GetPLLClockFreq  uart.o
    0x00000a4c   0x00000a4c   0x00000078   Code   RO          254    i.CLK_SetCoreClock  clk.o
    0x00000ac4   0x00000ac4   0x0000004c   Code   RO          255    i.CLK_SetHCLK       clk.o
    0x00000b10   0x00000b10   0x00000050   Code   RO          256    i.CLK_SetModuleClock  clk.o
    0x00000b60   0x00000b60   0x00000040   Code   RO         1196    i.CLK_SysTickLongDelay  ptspta_inputoutput.o
    0x00000ba0   0x00000ba0   0x00000040   Code   RO         1258    i.CLK_SysTickLongDelay  ptspta_isr.o
    0x00000be0   0x00000be0   0x0000002c   Code   RO          258    i.CLK_WaitClockReady  clk.o
    0x00000c0c   0x00000c0c   0x00000110   Code   RO         1197    i.CheckDirection    ptspta_inputoutput.o
    0x00000d1c   0x00000d1c   0x00000164   Code   RO         1259    i.EINT0_IRQHandler  ptspta_isr.o
    0x00000e80   0x00000e80   0x00000044   Code   RO         1070    i.EraseFlash        ptspta_fmc.o
    0x00000ec4   0x00000ec4   0x00000098   Code   RO         1598    i.Exponential_PWM_Ramp_CCW  pid.o
    0x00000f5c   0x00000f5c   0x00000454   Code   RO         1260    i.GPIOP0P1_IRQHandler  ptspta_isr.o
    0x000013b0   0x000013b0   0x00000064   Code   RO         1261    i.GPIOP2P3P4_IRQHandler  ptspta_isr.o
    0x00001414   0x00001414   0x0000001a   Code   RO          192    i.GPIO_EnableInt    gpio.o
    0x0000142e   0x0000142e   0x00000002   PAD
    0x00001430   0x00001430   0x0000029c   Code   RO         1117    i.GPIO_Init         ptspta_init.o
    0x000016cc   0x000016cc   0x00000028   Code   RO          193    i.GPIO_SetMode      gpio.o
    0x000016f4   0x000016f4   0x00000168   Code   RO         1030    i.GetADCValue       ptspta_adc.o
    0x0000185c   0x0000185c   0x00000028   Code   RO           97    i.Hard_Fault_Handler  retarget.o
    0x00001884   0x00001884   0x00000028   Code   RO         1118    i.I2C_Init          ptspta_init.o
    0x000018ac   0x000018ac   0x00000114   Code   RO         1262    i.LED_Flicker_B     ptspta_isr.o
    0x000019c0   0x000019c0   0x0000010c   Code   RO         1475    i.Motor             ptspta_motor.o
    0x00001acc   0x00001acc   0x0000011c   Code   RO         1476    i.MotorStart        ptspta_motor.o
    0x00001be8   0x00001be8   0x000000e4   Code   RO         1560    i.Motor_Temperature_Check  ptspta_protection.o
    0x00001ccc   0x00001ccc   0x00000014   Code   RO         1119    i.NVIC_EnableIRQ    ptspta_init.o
    0x00001ce0   0x00001ce0   0x00000044   Code   RO         1345    i.NVIC_SetPriority  ptspta_main.o
    0x00001d24   0x00001d24   0x000000d0   Code   RO         1561    i.OverCurrent_Check  ptspta_protection.o
    0x00001df4   0x00001df4   0x000000bc   Code   RO         1562    i.PCB_Temperature_Check  ptspta_protection.o
    0x00001eb0   0x00001eb0   0x00000028   Code   RO         1600    i.PID_ParamInit_HI_CCW  pid.o
    0x00001ed8   0x00001ed8   0x00000028   Code   RO         1601    i.PID_ParamInit_HI_CW  pid.o
    0x00001f00   0x00001f00   0x00000028   Code   RO         1602    i.PID_ParamInit_LO_CCW  pid.o
    0x00001f28   0x00001f28   0x00000028   Code   RO         1603    i.PID_ParamInit_LO_CW  pid.o
    0x00001f50   0x00001f50   0x00000140   Code   RO          565    i.PWM_ConfigOutputChannel  pwm.o
    0x00002090   0x00002090   0x00000008   Code   RO          578    i.PWM_EnableOutput  pwm.o
    0x00002098   0x00002098   0x0000013c   Code   RO         1120    i.PWM_Init          ptspta_init.o
    0x000021d4   0x000021d4   0x00000026   Code   RO          585    i.PWM_Start         pwm.o
    0x000021fa   0x000021fa   0x00000002   PAD
    0x000021fc   0x000021fc   0x00000034   Code   RO         1071    i.ReadFlashData     ptspta_fmc.o
    0x00002230   0x00002230   0x00000028   Code   RO         1346    i.SYS_Init          ptspta_main.o
    0x00002258   0x00002258   0x0000001a   Code   RO          385    i.SYS_ResetModule   sys.o
    0x00002272   0x00002272   0x00000002   PAD
    0x00002274   0x00002274   0x00000020   Code   RO         1072    i.SYS_UnlockReg     ptspta_fmc.o
    0x00002294   0x00002294   0x0000003c   Code   RO         1073    i.SaveData2Flash    ptspta_fmc.o
    0x000022d0   0x000022d0   0x00000020   Code   RO          100    i.SendChar_ToUART   retarget.o
    0x000022f0   0x000022f0   0x00000014   Code   RO         1477    i.SetPWMCMR         ptspta_motor.o
    0x00002304   0x00002304   0x000000a4   Code   RO         1604    i.SpdPIDCalc_HI_CCW  pid.o
    0x000023a8   0x000023a8   0x000000a4   Code   RO         1605    i.SpdPIDCalc_HI_CW  pid.o
    0x0000244c   0x0000244c   0x000000a4   Code   RO         1606    i.SpdPIDCalc_LO_CCW  pid.o
    0x000024f0   0x000024f0   0x000000a4   Code   RO         1607    i.SpdPIDCalc_LO_CW  pid.o
    0x00002594   0x00002594   0x00000090   Code   RO            3    i.SystemCoreClockUpdate  system_m051series.o
    0x00002624   0x00002624   0x00000002   Code   RO            4    i.SystemInit        system_m051series.o
    0x00002626   0x00002626   0x00000002   PAD
    0x00002628   0x00002628   0x00000080   Code   RO         1121    i.TIMER_Init        ptspta_init.o
    0x000026a8   0x000026a8   0x00000410   Code   RO         1264    i.TMR0_IRQHandler   ptspta_isr.o
    0x00002ab8   0x00002ab8   0x00000b2c   Code   RO         1265    i.TMR1_IRQHandler   ptspta_isr.o
    0x000035e4   0x000035e4   0x00000034   Code   RO         1122    i.UART0_Init        ptspta_init.o
    0x00003618   0x00003618   0x00000088   Code   RO          457    i.UART_Open         uart.o
    0x000036a0   0x000036a0   0x00000048   Code   RO         1608    i.UpdateCurrent     pid.o
    0x000036e8   0x000036e8   0x00000048   Code   RO         1609    i.UpdateSpeed_CCW   pid.o
    0x00003730   0x00003730   0x000000d4   Code   RO         1123    i.Variable_Init     ptspta_init.o
    0x00003804   0x00003804   0x00000054   Code   RO         1124    i.WDT_Init          ptspta_init.o
    0x00003858   0x00003858   0x0000001c   Code   RO         1009    i.WDT_Open          wdt.o
    0x00003874   0x00003874   0x00000020   Code   RO         1924    i.__0printf$5       mc_p.l(printf5.o)
    0x00003894   0x00003894   0x0000001a   Code   RO         1235    i.__ARM_common_switch8  ptspta_inputoutput.o
    0x000038ae   0x000038ae   0x0000000e   Code   RO         2113    i.__scatterload_copy  mc_p.l(handlers.o)
    0x000038bc   0x000038bc   0x00000002   Code   RO         2114    i.__scatterload_null  mc_p.l(handlers.o)
    0x000038be   0x000038be   0x0000000e   Code   RO         2115    i.__scatterload_zeroinit  mc_p.l(handlers.o)
    0x000038cc   0x000038cc   0x000002d4   Code   RO         1931    i._printf_core      mc_p.l(printf5.o)
    0x00003ba0   0x00003ba0   0x00000138   Code   RO         1611    i.default_init      pid.o
    0x00003cd8   0x00003cd8   0x0000008c   Code   RO         1613    i.detect_enter_boot_speed_CCW_HI  pid.o
    0x00003d64   0x00003d64   0x00000078   Code   RO         1614    i.detect_enter_boot_speed_CCW_LO  pid.o
    0x00003ddc   0x00003ddc   0x00000098   Code   RO         1615    i.detect_enter_boot_speed_CW_HI  pid.o
    0x00003e74   0x00003e74   0x00000090   Code   RO         1616    i.detect_enter_boot_speed_CW_LO  pid.o
    0x00003f04   0x00003f04   0x0000000c   Code   RO          104    i.fputc             retarget.o
    0x00003f10   0x00003f10   0x00000298   Code   RO         1349    i.main              ptspta_main.o
    0x000041a8   0x000041a8   0x000000b0   Code   RO         1617    i.motor_algorithm_HI  pid.o
    0x00004258   0x00004258   0x000000ac   Code   RO         1618    i.motor_algorithm_LO  pid.o
    0x00004304   0x00004304   0x000000c4   Code   RO         1620    i.parm_init         pid.o
    0x000043c8   0x000043c8   0x000000a8   Code   RO          106    i.stackDump         retarget.o
    0x00004470   0x00004470   0x00000020   Data   RO            5    .constdata          system_m051series.o
    0x00004490   0x00004490   0x00000030   Data   RO          465    .constdata          uart.o
    0x000044c0   0x000044c0   0x000000a8   Data   RO          587    .constdata          pwm.o
    0x00004568   0x00004568   0x00000020   Data   RO         2111    Region$$Table       anon$$obj.o


    Execution Region ER_RW (Exec base: 0x20000000, Load base: 0x00004588, Size: 0x00000b88, Max: 0xffffffff, ABSOLUTE)

    Exec Addr    Load Addr    Size         Type   Attr      Idx    E Section Name        Object

    0x20000000   0x00004588   0x0000000c   Data   RW            6    .data               system_m051series.o
    0x2000000c   0x00004594   0x00000004   Data   RW          107    .data               retarget.o
    0x20000010   0x00004598   0x00000002   Data   RW         1032    .data               ptspta_adc.o
    0x20000012   0x0000459a   0x00000002   PAD
    0x20000014   0x0000459c   0x0000000c   Data   RW         1200    .data               ptspta_inputoutput.o
    0x20000020   0x000045a8   0x00000001   Data   RW         1267    .data               ptspta_isr.o
    0x20000021   0x000045a9   0x00000003   PAD
    0x20000024   0x000045ac   0x00000050   Data   RW         1268    .data               ptspta_isr.o
    0x20000074   0x000045fc   0x00000004   Data   RW         1351    .data               ptspta_main.o
    0x20000078   0x00004600   0x00000014   Data   RW         1352    .data               ptspta_main.o
    0x2000008c   0x00004614   0x00000004   Data   RW         1357    .data               ptspta_main.o
    0x20000090   0x00004618   0x00000004   Data   RW         1358    .data               ptspta_main.o
    0x20000094   0x0000461c   0x00000008   Data   RW         1359    .data               ptspta_main.o
    0x2000009c   0x00004624   0x00000008   Data   RW         1360    .data               ptspta_main.o
    0x200000a4   0x0000462c   0x00000008   Data   RW         1361    .data               ptspta_main.o
    0x200000ac   0x00004634   0x00000008   Data   RW         1362    .data               ptspta_main.o
    0x200000b4   0x0000463c   0x00000008   Data   RW         1363    .data               ptspta_main.o
    0x200000bc   0x00004644   0x00000008   Data   RW         1364    .data               ptspta_main.o
    0x200000c4   0x0000464c   0x00000008   Data   RW         1365    .data               ptspta_main.o
    0x200000cc   0x00004654   0x00000008   Data   RW         1366    .data               ptspta_main.o
    0x200000d4   0x0000465c   0x00000008   Data   RW         1367    .data               ptspta_main.o
    0x200000dc   0x00004664   0x00000008   Data   RW         1368    .data               ptspta_main.o
    0x200000e4   0x0000466c   0x00000008   Data   RW         1369    .data               ptspta_main.o
    0x200000ec   0x00004674   0x00000001   Data   RW         1370    .data               ptspta_main.o
    0x200000ed   0x00004675   0x00000001   Data   RW         1371    .data               ptspta_main.o
    0x200000ee   0x00004676   0x00000002   PAD
    0x200000f0   0x00004678   0x00000004   Data   RW         1373    .data               ptspta_main.o
    0x200000f4   0x0000467c   0x00000004   Data   RW         1374    .data               ptspta_main.o
    0x200000f8   0x00004680   0x00000004   Data   RW         1375    .data               ptspta_main.o
    0x200000fc   0x00004684   0x00000001   Data   RW         1377    .data               ptspta_main.o
    0x200000fd   0x00004685   0x00000001   Data   RW         1378    .data               ptspta_main.o
    0x200000fe   0x00004686   0x00000001   Data   RW         1379    .data               ptspta_main.o
    0x200000ff   0x00004687   0x00000001   Data   RW         1380    .data               ptspta_main.o
    0x20000100   0x00004688   0x00000001   Data   RW         1382    .data               ptspta_main.o
    0x20000101   0x00004689   0x00000001   Data   RW         1383    .data               ptspta_main.o
    0x20000102   0x0000468a   0x00000001   Data   RW         1385    .data               ptspta_main.o
    0x20000103   0x0000468b   0x00000001   Data   RW         1386    .data               ptspta_main.o
    0x20000104   0x0000468c   0x00000004   Data   RW         1387    .data               ptspta_main.o
    0x20000108   0x00004690   0x00000004   Data   RW         1388    .data               ptspta_main.o
    0x2000010c   0x00004694   0x00000004   Data   RW         1390    .data               ptspta_main.o
    0x20000110   0x00004698   0x00000004   Data   RW         1391    .data               ptspta_main.o
    0x20000114   0x0000469c   0x00000004   Data   RW         1392    .data               ptspta_main.o
    0x20000118   0x000046a0   0x00000004   Data   RW         1393    .data               ptspta_main.o
    0x2000011c   0x000046a4   0x00000001   Data   RW         1394    .data               ptspta_main.o
    0x2000011d   0x000046a5   0x00000003   PAD
    0x20000120   0x000046a8   0x00000004   Data   RW         1395    .data               ptspta_main.o
    0x20000124   0x000046ac   0x00000004   Data   RW         1396    .data               ptspta_main.o
    0x20000128   0x000046b0   0x00000004   Data   RW         1397    .data               ptspta_main.o
    0x2000012c   0x000046b4   0x00000001   Data   RW         1398    .data               ptspta_main.o
    0x2000012d   0x000046b5   0x00000003   PAD
    0x20000130   0x000046b8   0x00000004   Data   RW         1399    .data               ptspta_main.o
    0x20000134   0x000046bc   0x00000001   Data   RW         1400    .data               ptspta_main.o
    0x20000135   0x000046bd   0x00000001   Data   RW         1401    .data               ptspta_main.o
    0x20000136   0x000046be   0x00000001   Data   RW         1403    .data               ptspta_main.o
    0x20000137   0x000046bf   0x00000001   Data   RW         1404    .data               ptspta_main.o
    0x20000138   0x000046c0   0x00000001   Data   RW         1405    .data               ptspta_main.o
    0x20000139   0x000046c1   0x00000001   Data   RW         1406    .data               ptspta_main.o
    0x2000013a   0x000046c2   0x00000001   Data   RW         1407    .data               ptspta_main.o
    0x2000013b   0x000046c3   0x00000001   PAD
    0x2000013c   0x000046c4   0x00000024   Data   RW         1563    .data               ptspta_protection.o
    0x20000160   0x000046e8   0x00000a28   Data   RW         1623    .data               pid.o


    Execution Region ER_ZI (Exec base: 0x20000b88, Load base: 0x00005110, Size: 0x00000310, Max: 0xffffffff, ABSOLUTE)

    Exec Addr    Load Addr    Size         Type   Attr      Idx    E Section Name        Object

    0x20000b88        -       0x00000078   Zero   RW         1031    .bss                ptspta_adc.o
    0x20000c00        -       0x00000094   Zero   RW         1622    .bss                pid.o
    0x20000c94   0x00005110   0x00000004   PAD
    0x20000c98        -       0x00000200   Zero   RW           86    STACK               startup_m051series.o


==============================================================================

Image component sizes


      Code (inc. data)   RO Data    RW Data    ZI Data      Debug   Object Name

        36          8          0          0          0        971   adc.o
       772         96          0          0          0       6103   clk.o
        66          0          0          0          0      52248   gpio.o
      2524        436          0       2600        148      18944   pid.o
       380         50          0          2        120       7900   ptspta_adc.o
       212         34          0          0          0      13734   ptspta_fmc.o
      1576        324          0          0          0      24634   ptspta_init.o
      1042        208          0         12          0       8058   ptspta_inputoutput.o
      5804       1264          0         81          0      13578   ptspta_isr.o
       772        270          0        191          0      11998   ptspta_main.o
       572         90          0          0          0      14817   ptspta_motor.o
       624        176          0         36          0       3013   ptspta_protection.o
       366         22        168          0          0       2897   pwm.o
       280        132          0          4          0       4726   retarget.o
        76         32        192          0        512        668   startup_m051series.o
        26          0          0          0          0        518   sys.o
       146         28         32         12          0      63731   system_m051series.o
       224         34         48          0          0       7784   uart.o
        28          6          0          0          0        663   wdt.o

    ----------------------------------------------------------------------
     15534       3210        472       2952        784     256985   Object Totals
         0          0         32          0          0          0   (incl. Generated)
         8          0          0         14          4          0   (incl. Padding)

    ----------------------------------------------------------------------

      Code (inc. data)   RO Data    RW Data    ZI Data      Debug   Library Member Name

         0          0          0          0          0          0   entry.o
         0          0          0          0          0          0   entry10a.o
         0          0          0          0          0          0   entry11a.o
         4          0          0          0          0          0   entry12b.o
         8          4          0          0          0          0   entry2.o
         4          0          0          0          0          0   entry5.o
         0          0          0          0          0          0   entry7b.o
         0          0          0          0          0          0   entry8b.o
         8          4          0          0          0          0   entry9a.o
        30          0          0          0          0          0   handlers.o
        36          8          0          0          0         68   init.o
         0          0          0          0          0          0   iusefp.o
        32          0          0          0          0         68   llshl.o
        34          0          0          0          0         68   llushr.o
        36          0          0          0          0         60   memcpya.o
       756         52          0          0          0        168   printf5.o
        44          0          0          0          0         72   uidiv.o
        96          0          0          0          0         84   uldiv.o
        20          0          0          0          0         68   cfrcmple.o
       178          0          0          0          0        108   fadd.o
       124          0          0          0          0         72   fdiv.o
       130          0          0          0          0        144   fepilogue.o
        50          0          0          0          0         60   ffixi.o
        40          0          0          0          0         60   ffixui.o
        22          0          0          0          0         68   fflti.o
        14          0          0          0          0         68   ffltui.o
       122          0          0          0          0         72   fmul.o

    ----------------------------------------------------------------------
      1794         68          0          0          0       1308   Library Totals
         6          0          0          0          0          0   (incl. Padding)

    ----------------------------------------------------------------------

      Code (inc. data)   RO Data    RW Data    ZI Data      Debug   Library Name

      1088         68          0          0          0        588   mc_p.l
       700          0          0          0          0        720   mf_p.l

    ----------------------------------------------------------------------
      1794         68          0          0          0       1308   Library Totals

    ----------------------------------------------------------------------

==============================================================================


      Code (inc. data)   RO Data    RW Data    ZI Data      Debug   

     17328       3278        472       2952        784     254469   Grand Totals
     17328       3278        472       2952        784     254469   ELF Image Totals
     17328       3278        472       2952          0          0   ROM Totals

==============================================================================

    Total RO  Size (Code + RO Data)                17800 (  17.38kB)
    Total RW  Size (RW Data + ZI Data)              3736 (   3.65kB)
    Total ROM Size (Code + RO Data + RW Data)      20752 (  20.27kB)

==============================================================================

