<html>
<body>
<pre>
<h1>猩ision Build Log</h1>
<h2>Tool Versions:</h2>
IDE-Version: μVision V5.38.0.0
Copyright (C) 2022 ARM Ltd and ARM Germany GmbH. All rights reserved.
License Information: cc cc, cc, LIC=FQQMA-1P5CH-06LQU-SEM6R-ZEPBA-SMHDL
 
Tool Versions:
Toolchain:       MDK-ARM Professional  Version: 5.38.0.0
Toolchain Path:  C:\Keil_v5\ARM\ARMCC\Bin
C Compiler:      Armcc.exe V5.06 update 7 (build 960)
Assembler:       Armasm.exe V5.06 update 7 (build 960)
Linker/Locator:  ArmLink.exe V5.06 update 7 (build 960)
Library Manager: ArmAr.exe V5.06 update 7 (build 960)
Hex Converter:   FromElf.exe V5.06 update 7 (build 960)
CPU DLL:         SARMCM3.DLL V5.38.0.0
Dialog DLL:      DARMCM1.DLL V1.19.6.0
Target DLL:      Nu_Link.dll V3.21
Dialog DLL:      TARMCM1.DLL V1.14.6.0
 
<h2>Project:</h2>
C:\Users\busundau\Pictures\21-X60\20251226_x60__38ba-pid調試好-修正遇阻力跳脫程式v2_跳脫改30rpm跳脫高速800轉\Kilews_PTA-B60_B35.uvproj
Project File Date:  12/24/2025

<h2>Output:</h2>
*** Using Compiler 'V5.06 update 7 (build 960)', folder: 'C:\Keil_v5\ARM\ARMCC\Bin'
Build target 'PTA-B60_B35'
Before Build - User command #1: del_bin_hex.bat
C:\Users\busundau\Pictures\21-X60\20251226_x60__38ba-pid調試好-修正遇阻力跳脫程式v2_跳脫改30rpm跳脫高速800轉>del /Q .\Output\*.bin 
C:\Users\busundau\Pictures\21-X60\20251226_x60__38ba-pid調試好-修正遇阻力跳脫程式v2_跳脫改30rpm跳脫高速800轉>del /Q .\Output\*.hex 
creating preprocessor file for pid.c...
compiling pid.c...
Source\pid.c(12): warning:  #1295-D: Deprecated declaration Motor_Control_cw_Task - give arg types
  void Motor_Control_cw_Task();
Source\pid.c(13): warning:  #1295-D: Deprecated declaration Motor_Control_ccw_Task - give arg types
  void Motor_Control_ccw_Task();
Source\pid.c(257): warning:  #177-D: variable "rpm_drop"  was declared but never referenced
      bool rpm_drop;
Source\pid.c(258): warning:  #177-D: variable "i"  was declared but never referenced
      uint8_t i;
Source\pid.c(259): warning:  #177-D: variable "cur_rise"  was declared but never referenced
      bool cur_rise;
Source\pid.c(328): warning:  #177-D: variable "rpm_drop"  was declared but never referenced
      bool rpm_drop;
Source\pid.c(329): warning:  #177-D: variable "i"  was declared but never referenced
      uint8_t i;
Source\pid.c(330): warning:  #177-D: variable "cur_rise"  was declared but never referenced
      bool cur_rise;
Source\pid.c(713): warning:  #177-D: variable "i2"  was declared but never referenced
      int i, i2;
Source\pid.c(834): warning:  #223-D: function "Buzzer_LED_Behaving" declared implicitly
              Buzzer_LED_Behaving(&G_BuzzerLED);
Source\pid.c(843): warning:  #223-D: function "Buzzer_LED_Behaving" declared implicitly
              Buzzer_LED_Behaving(&G_BuzzerLED);
Source\pid.c(1102): warning:  #1-D: last line of file ends without a newline
  }
Source\pid.c: 12 warnings, 0 errors
linking...
Program Size: Code=17328 RO-data=472 RW-data=2952 ZI-data=784  
FromELF: creating hex file...
After Build - User command #1: fromelf --bin ".\Output\HP_PTA-B60_B35_M0516_38ba.axf" --output ".\Output\HP_PTA-B60_B35_M0516_38ba.bin"
After Build - User command #2: CalCheckSum.bat
C:\Users\busundau\Pictures\21-X60\20251226_x60__38ba-pid調試好-修正遇阻力跳脫程式v2_跳脫改30rpm跳脫高速800轉\Output\HP_PTA-B60_B35_M0516_38ba.bin
移動         1 個檔案。
C:\Users\busundau\Pictures\21-X60\20251226_x60__38ba-pid調試好-修正遇阻力跳脫程式v2_跳脫改30rpm跳脫高速800轉\Output\HP_PTA-B60_B35_M0516_38ba.hex
移動         1 個檔案。
C:\Users\busundau\Pictures\21-X60\20251226_x60__38ba-pid調試好-修正遇阻力跳脫程式v2_跳脫改30rpm跳脫高速800轉\HP_PTA-B60_B35_M0516_38ba.bin
移動         1 個檔案。
C:\Users\busundau\Pictures\21-X60\20251226_x60__38ba-pid調試好-修正遇阻力跳脫程式v2_跳脫改30rpm跳脫高速800轉\HP_PTA-B60_B35_M0516_38ba.hex
移動         1 個檔案。
複製了         1 個檔案。
複製了         1 個檔案。
command HP = dir/b/a *HP*.bin > test.txt
Checksum = 30E9
command= copy HP_PTA-B60_B35_M0516_38ba.bin HP_PTA-B60_B35_M0516_38ba_30E9.bin
Checksum version : 1.02
 2020@ Kilews Technology. By F/W Department . All rights reserved.
*svnxxx_*.bin 
系統找不到指定的檔案。
複製了         0 個檔案。
".\Output\HP_PTA-B60_B35_M0516_38ba.axf" - 0 Error(s), 12 Warning(s).
Build Time Elapsed:  00:00:12
</pre>
</body>
</html>
